INFO:     Started server process [55653]
INFO:     Waiting for application startup.
INFO:     ASGI 'lifespan' protocol appears unsupported.
INFO:     Application startup complete.
INFO:     Uvicorn running on http://127.0.0.1:8001 (Press CTRL+C to quit)
ERROR:    Exception in ASGI application
Traceback (most recent call last):
  File "/home/kplinux/Downloads/projects/stockguide/stockguide/venv/lib/python3.13/site-packages/uvicorn/protocols/http/httptools_impl.py", line 416, in run_asgi
    result = await app(  # type: ignore[func-returns-value]
             ^^^^^^^^^^^^^^^^^^^^^^^^^^^^^^^^^^^^^^^^^^^^^^
        self.scope, self.receive, self.send
        ^^^^^^^^^^^^^^^^^^^^^^^^^^^^^^^^^^^
    )
    ^
  File "/home/kplinux/Downloads/projects/stockguide/stockguide/venv/lib/python3.13/site-packages/uvicorn/middleware/proxy_headers.py", line 60, in __call__
    return await self.app(scope, receive, send)
           ^^^^^^^^^^^^^^^^^^^^^^^^^^^^^^^^^^^^
  File "/home/kplinux/Downloads/projects/stockguide/stockguide/venv/lib/python3.13/site-packages/fastapi/applications.py", line 1106, in __call__
    await super().__call__(scope, receive, send)
  File "/home/kplinux/Downloads/projects/stockguide/stockguide/venv/lib/python3.13/site-packages/starlette/applications.py", line 106, in __call__
    self.middleware_stack = self.build_middleware_stack()
                            ~~~~~~~~~~~~~~~~~~~~~~~~~~~^^
  File "/home/kplinux/Downloads/projects/stockguide/stockguide/venv/lib/python3.13/site-packages/fastapi/applications.py", line 1014, in build_middleware_stack
    for cls, options in reversed(middleware):
        ^^^^^^^^^^^^
ValueError: too many values to unpack (expected 2)
INFO:     127.0.0.1:58586 - "GET / HTTP/1.1" 500 Internal Server Error
ERROR:    Exception in ASGI application
Traceback (most recent call last):
  File "/home/kplinux/Downloads/projects/stockguide/stockguide/venv/lib/python3.13/site-packages/uvicorn/protocols/http/httptools_impl.py", line 416, in run_asgi
    result = await app(  # type: ignore[func-returns-value]
             ^^^^^^^^^^^^^^^^^^^^^^^^^^^^^^^^^^^^^^^^^^^^^^
        self.scope, self.receive, self.send
        ^^^^^^^^^^^^^^^^^^^^^^^^^^^^^^^^^^^
    )
    ^
  File "/home/kplinux/Downloads/projects/stockguide/stockguide/venv/lib/python3.13/site-packages/uvicorn/middleware/proxy_headers.py", line 60, in __call__
    return await self.app(scope, receive, send)
           ^^^^^^^^^^^^^^^^^^^^^^^^^^^^^^^^^^^^
  File "/home/kplinux/Downloads/projects/stockguide/stockguide/venv/lib/python3.13/site-packages/fastapi/applications.py", line 1106, in __call__
    await super().__call__(scope, receive, send)
  File "/home/kplinux/Downloads/projects/stockguide/stockguide/venv/lib/python3.13/site-packages/starlette/applications.py", line 106, in __call__
    self.middleware_stack = self.build_middleware_stack()
                            ~~~~~~~~~~~~~~~~~~~~~~~~~~~^^
  File "/home/kplinux/Downloads/projects/stockguide/stockguide/venv/lib/python3.13/site-packages/fastapi/applications.py", line 1014, in build_middleware_stack
    for cls, options in reversed(middleware):
        ^^^^^^^^^^^^
ValueError: too many values to unpack (expected 2)
INFO:     127.0.0.1:58592 - "GET /favicon.ico HTTP/1.1" 500 Internal Server Error
ERROR:    Exception in ASGI application
Traceback (most recent call last):
  File "/home/kplinux/Downloads/projects/stockguide/stockguide/venv/lib/python3.13/site-packages/uvicorn/protocols/http/httptools_impl.py", line 416, in run_asgi
    result = await app(  # type: ignore[func-returns-value]
             ^^^^^^^^^^^^^^^^^^^^^^^^^^^^^^^^^^^^^^^^^^^^^^
        self.scope, self.receive, self.send
        ^^^^^^^^^^^^^^^^^^^^^^^^^^^^^^^^^^^
    )
    ^
  File "/home/kplinux/Downloads/projects/stockguide/stockguide/venv/lib/python3.13/site-packages/uvicorn/middleware/proxy_headers.py", line 60, in __call__
    return await self.app(scope, receive, send)
           ^^^^^^^^^^^^^^^^^^^^^^^^^^^^^^^^^^^^
  File "/home/kplinux/Downloads/projects/stockguide/stockguide/venv/lib/python3.13/site-packages/fastapi/applications.py", line 1106, in __call__
    await super().__call__(scope, receive, send)
  File "/home/kplinux/Downloads/projects/stockguide/stockguide/venv/lib/python3.13/site-packages/starlette/applications.py", line 106, in __call__
    self.middleware_stack = self.build_middleware_stack()
                            ~~~~~~~~~~~~~~~~~~~~~~~~~~~^^
  File "/home/kplinux/Downloads/projects/stockguide/stockguide/venv/lib/python3.13/site-packages/fastapi/applications.py", line 1014, in build_middleware_stack
    for cls, options in reversed(middleware):
        ^^^^^^^^^^^^
ValueError: too many values to unpack (expected 2)
INFO:     127.0.0.1:60734 - "GET /api/market-status HTTP/1.1" 500 Internal Server Error
ERROR:    Exception in ASGI application
Traceback (most recent call last):
  File "/home/kplinux/Downloads/projects/stockguide/stockguide/venv/lib/python3.13/site-packages/uvicorn/protocols/http/httptools_impl.py", line 416, in run_asgi
    result = await app(  # type: ignore[func-returns-value]
             ^^^^^^^^^^^^^^^^^^^^^^^^^^^^^^^^^^^^^^^^^^^^^^
        self.scope, self.receive, self.send
        ^^^^^^^^^^^^^^^^^^^^^^^^^^^^^^^^^^^
    )
    ^
  File "/home/kplinux/Downloads/projects/stockguide/stockguide/venv/lib/python3.13/site-packages/uvicorn/middleware/proxy_headers.py", line 60, in __call__
    return await self.app(scope, receive, send)
           ^^^^^^^^^^^^^^^^^^^^^^^^^^^^^^^^^^^^
  File "/home/kplinux/Downloads/projects/stockguide/stockguide/venv/lib/python3.13/site-packages/fastapi/applications.py", line 1106, in __call__
    await super().__call__(scope, receive, send)
  File "/home/kplinux/Downloads/projects/stockguide/stockguide/venv/lib/python3.13/site-packages/starlette/applications.py", line 106, in __call__
    self.middleware_stack = self.build_middleware_stack()
                            ~~~~~~~~~~~~~~~~~~~~~~~~~~~^^
  File "/home/kplinux/Downloads/projects/stockguide/stockguide/venv/lib/python3.13/site-packages/fastapi/applications.py", line 1014, in build_middleware_stack
    for cls, options in reversed(middleware):
        ^^^^^^^^^^^^
ValueError: too many values to unpack (expected 2)
INFO:     127.0.0.1:60746 - "GET /favicon.ico HTTP/1.1" 500 Internal Server Error
ERROR:    Exception in ASGI application
Traceback (most recent call last):
  File "/home/kplinux/Downloads/projects/stockguide/stockguide/venv/lib/python3.13/site-packages/uvicorn/protocols/http/httptools_impl.py", line 416, in run_asgi
    result = await app(  # type: ignore[func-returns-value]
             ^^^^^^^^^^^^^^^^^^^^^^^^^^^^^^^^^^^^^^^^^^^^^^
        self.scope, self.receive, self.send
        ^^^^^^^^^^^^^^^^^^^^^^^^^^^^^^^^^^^
    )
    ^
  File "/home/kplinux/Downloads/projects/stockguide/stockguide/venv/lib/python3.13/site-packages/uvicorn/middleware/proxy_headers.py", line 60, in __call__
    return await self.app(scope, receive, send)
           ^^^^^^^^^^^^^^^^^^^^^^^^^^^^^^^^^^^^
  File "/home/kplinux/Downloads/projects/stockguide/stockguide/venv/lib/python3.13/site-packages/fastapi/applications.py", line 1106, in __call__
    await super().__call__(scope, receive, send)
  File "/home/kplinux/Downloads/projects/stockguide/stockguide/venv/lib/python3.13/site-packages/starlette/applications.py", line 106, in __call__
    self.middleware_stack = self.build_middleware_stack()
                            ~~~~~~~~~~~~~~~~~~~~~~~~~~~^^
  File "/home/kplinux/Downloads/projects/stockguide/stockguide/venv/lib/python3.13/site-packages/fastapi/applications.py", line 1014, in build_middleware_stack
    for cls, options in reversed(middleware):
        ^^^^^^^^^^^^
ValueError: too many values to unpack (expected 2)
INFO:     127.0.0.1:43918 - "GET /api/market-status HTTP/1.1" 500 Internal Server Error
ERROR:    Exception in ASGI application
Traceback (most recent call last):
  File "/home/kplinux/Downloads/projects/stockguide/stockguide/venv/lib/python3.13/site-packages/uvicorn/protocols/http/httptools_impl.py", line 416, in run_asgi
    result = await app(  # type: ignore[func-returns-value]
             ^^^^^^^^^^^^^^^^^^^^^^^^^^^^^^^^^^^^^^^^^^^^^^
        self.scope, self.receive, self.send
        ^^^^^^^^^^^^^^^^^^^^^^^^^^^^^^^^^^^
    )
    ^
  File "/home/kplinux/Downloads/projects/stockguide/stockguide/venv/lib/python3.13/site-packages/uvicorn/middleware/proxy_headers.py", line 60, in __call__
    return await self.app(scope, receive, send)
           ^^^^^^^^^^^^^^^^^^^^^^^^^^^^^^^^^^^^
  File "/home/kplinux/Downloads/projects/stockguide/stockguide/venv/lib/python3.13/site-packages/fastapi/applications.py", line 1106, in __call__
    await super().__call__(scope, receive, send)
  File "/home/kplinux/Downloads/projects/stockguide/stockguide/venv/lib/python3.13/site-packages/starlette/applications.py", line 106, in __call__
    self.middleware_stack = self.build_middleware_stack()
                            ~~~~~~~~~~~~~~~~~~~~~~~~~~~^^
  File "/home/kplinux/Downloads/projects/stockguide/stockguide/venv/lib/python3.13/site-packages/fastapi/applications.py", line 1014, in build_middleware_stack
    for cls, options in reversed(middleware):
        ^^^^^^^^^^^^
ValueError: too many values to unpack (expected 2)
INFO:     127.0.0.1:43934 - "GET /favicon.ico HTTP/1.1" 500 Internal Server Error
ERROR:    Exception in ASGI application
Traceback (most recent call last):
  File "/home/kplinux/Downloads/projects/stockguide/stockguide/venv/lib/python3.13/site-packages/uvicorn/protocols/http/httptools_impl.py", line 416, in run_asgi
    result = await app(  # type: ignore[func-returns-value]
             ^^^^^^^^^^^^^^^^^^^^^^^^^^^^^^^^^^^^^^^^^^^^^^
        self.scope, self.receive, self.send
        ^^^^^^^^^^^^^^^^^^^^^^^^^^^^^^^^^^^
    )
    ^
  File "/home/kplinux/Downloads/projects/stockguide/stockguide/venv/lib/python3.13/site-packages/uvicorn/middleware/proxy_headers.py", line 60, in __call__
    return await self.app(scope, receive, send)
           ^^^^^^^^^^^^^^^^^^^^^^^^^^^^^^^^^^^^
  File "/home/kplinux/Downloads/projects/stockguide/stockguide/venv/lib/python3.13/site-packages/fastapi/applications.py", line 1106, in __call__
    await super().__call__(scope, receive, send)
  File "/home/kplinux/Downloads/projects/stockguide/stockguide/venv/lib/python3.13/site-packages/starlette/applications.py", line 106, in __call__
    self.middleware_stack = self.build_middleware_stack()
                            ~~~~~~~~~~~~~~~~~~~~~~~~~~~^^
  File "/home/kplinux/Downloads/projects/stockguide/stockguide/venv/lib/python3.13/site-packages/fastapi/applications.py", line 1014, in build_middleware_stack
    for cls, options in reversed(middleware):
        ^^^^^^^^^^^^
ValueError: too many values to unpack (expected 2)
INFO:     127.0.0.1:42202 - "GET /static/index.html HTTP/1.1" 500 Internal Server Error
ERROR:    Exception in ASGI application
Traceback (most recent call last):
  File "/home/kplinux/Downloads/projects/stockguide/stockguide/venv/lib/python3.13/site-packages/uvicorn/protocols/http/httptools_impl.py", line 416, in run_asgi
    result = await app(  # type: ignore[func-returns-value]
             ^^^^^^^^^^^^^^^^^^^^^^^^^^^^^^^^^^^^^^^^^^^^^^
        self.scope, self.receive, self.send
        ^^^^^^^^^^^^^^^^^^^^^^^^^^^^^^^^^^^
    )
    ^
  File "/home/kplinux/Downloads/projects/stockguide/stockguide/venv/lib/python3.13/site-packages/uvicorn/middleware/proxy_headers.py", line 60, in __call__
    return await self.app(scope, receive, send)
           ^^^^^^^^^^^^^^^^^^^^^^^^^^^^^^^^^^^^
  File "/home/kplinux/Downloads/projects/stockguide/stockguide/venv/lib/python3.13/site-packages/fastapi/applications.py", line 1106, in __call__
    await super().__call__(scope, receive, send)
  File "/home/kplinux/Downloads/projects/stockguide/stockguide/venv/lib/python3.13/site-packages/starlette/applications.py", line 106, in __call__
    self.middleware_stack = self.build_middleware_stack()
                            ~~~~~~~~~~~~~~~~~~~~~~~~~~~^^
  File "/home/kplinux/Downloads/projects/stockguide/stockguide/venv/lib/python3.13/site-packages/fastapi/applications.py", line 1014, in build_middleware_stack
    for cls, options in reversed(middleware):
        ^^^^^^^^^^^^
ValueError: too many values to unpack (expected 2)
INFO:     127.0.0.1:42216 - "GET /favicon.ico HTTP/1.1" 500 Internal Server Error
ERROR:    Exception in ASGI application
Traceback (most recent call last):
  File "/home/kplinux/Downloads/projects/stockguide/stockguide/venv/lib/python3.13/site-packages/uvicorn/protocols/http/httptools_impl.py", line 416, in run_asgi
    result = await app(  # type: ignore[func-returns-value]
             ^^^^^^^^^^^^^^^^^^^^^^^^^^^^^^^^^^^^^^^^^^^^^^
        self.scope, self.receive, self.send
        ^^^^^^^^^^^^^^^^^^^^^^^^^^^^^^^^^^^
    )
    ^
  File "/home/kplinux/Downloads/projects/stockguide/stockguide/venv/lib/python3.13/site-packages/uvicorn/middleware/proxy_headers.py", line 60, in __call__
    return await self.app(scope, receive, send)
           ^^^^^^^^^^^^^^^^^^^^^^^^^^^^^^^^^^^^
  File "/home/kplinux/Downloads/projects/stockguide/stockguide/venv/lib/python3.13/site-packages/fastapi/applications.py", line 1106, in __call__
    await super().__call__(scope, receive, send)
  File "/home/kplinux/Downloads/projects/stockguide/stockguide/venv/lib/python3.13/site-packages/starlette/applications.py", line 106, in __call__
    self.middleware_stack = self.build_middleware_stack()
                            ~~~~~~~~~~~~~~~~~~~~~~~~~~~^^
  File "/home/kplinux/Downloads/projects/stockguide/stockguide/venv/lib/python3.13/site-packages/fastapi/applications.py", line 1014, in build_middleware_stack
    for cls, options in reversed(middleware):
        ^^^^^^^^^^^^
ValueError: too many values to unpack (expected 2)
INFO:     127.0.0.1:58596 - "GET / HTTP/1.1" 500 Internal Server Error
ERROR:    Exception in ASGI application
Traceback (most recent call last):
  File "/home/kplinux/Downloads/projects/stockguide/stockguide/venv/lib/python3.13/site-packages/uvicorn/protocols/http/httptools_impl.py", line 416, in run_asgi
    result = await app(  # type: ignore[func-returns-value]
             ^^^^^^^^^^^^^^^^^^^^^^^^^^^^^^^^^^^^^^^^^^^^^^
        self.scope, self.receive, self.send
        ^^^^^^^^^^^^^^^^^^^^^^^^^^^^^^^^^^^
    )
    ^
  File "/home/kplinux/Downloads/projects/stockguide/stockguide/venv/lib/python3.13/site-packages/uvicorn/middleware/proxy_headers.py", line 60, in __call__
    return await self.app(scope, receive, send)
           ^^^^^^^^^^^^^^^^^^^^^^^^^^^^^^^^^^^^
  File "/home/kplinux/Downloads/projects/stockguide/stockguide/venv/lib/python3.13/site-packages/fastapi/applications.py", line 1106, in __call__
    await super().__call__(scope, receive, send)
  File "/home/kplinux/Downloads/projects/stockguide/stockguide/venv/lib/python3.13/site-packages/starlette/applications.py", line 106, in __call__
    self.middleware_stack = self.build_middleware_stack()
                            ~~~~~~~~~~~~~~~~~~~~~~~~~~~^^
  File "/home/kplinux/Downloads/projects/stockguide/stockguide/venv/lib/python3.13/site-packages/fastapi/applications.py", line 1014, in build_middleware_stack
    for cls, options in reversed(middleware):
        ^^^^^^^^^^^^
ValueError: too many values to unpack (expected 2)
INFO:     127.0.0.1:58604 - "GET /favicon.ico HTTP/1.1" 500 Internal Server Error
ERROR:    Exception in ASGI application
Traceback (most recent call last):
  File "/home/kplinux/Downloads/projects/stockguide/stockguide/venv/lib/python3.13/site-packages/uvicorn/protocols/http/httptools_impl.py", line 416, in run_asgi
    result = await app(  # type: ignore[func-returns-value]
             ^^^^^^^^^^^^^^^^^^^^^^^^^^^^^^^^^^^^^^^^^^^^^^
        self.scope, self.receive, self.send
        ^^^^^^^^^^^^^^^^^^^^^^^^^^^^^^^^^^^
    )
    ^
  File "/home/kplinux/Downloads/projects/stockguide/stockguide/venv/lib/python3.13/site-packages/uvicorn/middleware/proxy_headers.py", line 60, in __call__
    return await self.app(scope, receive, send)
           ^^^^^^^^^^^^^^^^^^^^^^^^^^^^^^^^^^^^
  File "/home/kplinux/Downloads/projects/stockguide/stockguide/venv/lib/python3.13/site-packages/fastapi/applications.py", line 1106, in __call__
    await super().__call__(scope, receive, send)
  File "/home/kplinux/Downloads/projects/stockguide/stockguide/venv/lib/python3.13/site-packages/starlette/applications.py", line 106, in __call__
    self.middleware_stack = self.build_middleware_stack()
                            ~~~~~~~~~~~~~~~~~~~~~~~~~~~^^
  File "/home/kplinux/Downloads/projects/stockguide/stockguide/venv/lib/python3.13/site-packages/fastapi/applications.py", line 1014, in build_middleware_stack
    for cls, options in reversed(middleware):
        ^^^^^^^^^^^^
ValueError: too many values to unpack (expected 2)
INFO:     127.0.0.1:46918 - "GET /api/market-status HTTP/1.1" 500 Internal Server Error
ERROR:    Exception in ASGI application
Traceback (most recent call last):
  File "/home/kplinux/Downloads/projects/stockguide/stockguide/venv/lib/python3.13/site-packages/uvicorn/protocols/http/httptools_impl.py", line 416, in run_asgi
    result = await app(  # type: ignore[func-returns-value]
             ^^^^^^^^^^^^^^^^^^^^^^^^^^^^^^^^^^^^^^^^^^^^^^
        self.scope, self.receive, self.send
        ^^^^^^^^^^^^^^^^^^^^^^^^^^^^^^^^^^^
    )
    ^
  File "/home/kplinux/Downloads/projects/stockguide/stockguide/venv/lib/python3.13/site-packages/uvicorn/middleware/proxy_headers.py", line 60, in __call__
    return await self.app(scope, receive, send)
           ^^^^^^^^^^^^^^^^^^^^^^^^^^^^^^^^^^^^
  File "/home/kplinux/Downloads/projects/stockguide/stockguide/venv/lib/python3.13/site-packages/fastapi/applications.py", line 1106, in __call__
    await super().__call__(scope, receive, send)
  File "/home/kplinux/Downloads/projects/stockguide/stockguide/venv/lib/python3.13/site-packages/starlette/applications.py", line 106, in __call__
    self.middleware_stack = self.build_middleware_stack()
                            ~~~~~~~~~~~~~~~~~~~~~~~~~~~^^
  File "/home/kplinux/Downloads/projects/stockguide/stockguide/venv/lib/python3.13/site-packages/fastapi/applications.py", line 1014, in build_middleware_stack
    for cls, options in reversed(middleware):
        ^^^^^^^^^^^^
ValueError: too many values to unpack (expected 2)
INFO:     127.0.0.1:49000 - "GET / HTTP/1.1" 500 Internal Server Error
ERROR:    Exception in ASGI application
Traceback (most recent call last):
  File "/home/kplinux/Downloads/projects/stockguide/stockguide/venv/lib/python3.13/site-packages/uvicorn/protocols/http/httptools_impl.py", line 416, in run_asgi
    result = await app(  # type: ignore[func-returns-value]
             ^^^^^^^^^^^^^^^^^^^^^^^^^^^^^^^^^^^^^^^^^^^^^^
        self.scope, self.receive, self.send
        ^^^^^^^^^^^^^^^^^^^^^^^^^^^^^^^^^^^
    )
    ^
  File "/home/kplinux/Downloads/projects/stockguide/stockguide/venv/lib/python3.13/site-packages/uvicorn/middleware/proxy_headers.py", line 60, in __call__
    return await self.app(scope, receive, send)
           ^^^^^^^^^^^^^^^^^^^^^^^^^^^^^^^^^^^^
  File "/home/kplinux/Downloads/projects/stockguide/stockguide/venv/lib/python3.13/site-packages/fastapi/applications.py", line 1106, in __call__
    await super().__call__(scope, receive, send)
  File "/home/kplinux/Downloads/projects/stockguide/stockguide/venv/lib/python3.13/site-packages/starlette/applications.py", line 106, in __call__
    self.middleware_stack = self.build_middleware_stack()
                            ~~~~~~~~~~~~~~~~~~~~~~~~~~~^^
  File "/home/kplinux/Downloads/projects/stockguide/stockguide/venv/lib/python3.13/site-packages/fastapi/applications.py", line 1014, in build_middleware_stack
    for cls, options in reversed(middleware):
        ^^^^^^^^^^^^
ValueError: too many values to unpack (expected 2)
INFO:     127.0.0.1:49014 - "GET /favicon.ico HTTP/1.1" 500 Internal Server Error
ERROR:    Exception in ASGI application
Traceback (most recent call last):
  File "/home/kplinux/Downloads/projects/stockguide/stockguide/venv/lib/python3.13/site-packages/uvicorn/protocols/http/httptools_impl.py", line 416, in run_asgi
    result = await app(  # type: ignore[func-returns-value]
             ^^^^^^^^^^^^^^^^^^^^^^^^^^^^^^^^^^^^^^^^^^^^^^
        self.scope, self.receive, self.send
        ^^^^^^^^^^^^^^^^^^^^^^^^^^^^^^^^^^^
    )
    ^
  File "/home/kplinux/Downloads/projects/stockguide/stockguide/venv/lib/python3.13/site-packages/uvicorn/middleware/proxy_headers.py", line 60, in __call__
    return await self.app(scope, receive, send)
           ^^^^^^^^^^^^^^^^^^^^^^^^^^^^^^^^^^^^
  File "/home/kplinux/Downloads/projects/stockguide/stockguide/venv/lib/python3.13/site-packages/fastapi/applications.py", line 1106, in __call__
    await super().__call__(scope, receive, send)
  File "/home/kplinux/Downloads/projects/stockguide/stockguide/venv/lib/python3.13/site-packages/starlette/applications.py", line 106, in __call__
    self.middleware_stack = self.build_middleware_stack()
                            ~~~~~~~~~~~~~~~~~~~~~~~~~~~^^
  File "/home/kplinux/Downloads/projects/stockguide/stockguide/venv/lib/python3.13/site-packages/fastapi/applications.py", line 1014, in build_middleware_stack
    for cls, options in reversed(middleware):
        ^^^^^^^^^^^^
ValueError: too many values to unpack (expected 2)
INFO:     127.0.0.1:49022 - "GET / HTTP/1.1" 500 Internal Server Error
ERROR:    Exception in ASGI application
Traceback (most recent call last):
  File "/home/kplinux/Downloads/projects/stockguide/stockguide/venv/lib/python3.13/site-packages/uvicorn/protocols/http/httptools_impl.py", line 416, in run_asgi
    result = await app(  # type: ignore[func-returns-value]
             ^^^^^^^^^^^^^^^^^^^^^^^^^^^^^^^^^^^^^^^^^^^^^^
        self.scope, self.receive, self.send
        ^^^^^^^^^^^^^^^^^^^^^^^^^^^^^^^^^^^
    )
    ^
  File "/home/kplinux/Downloads/projects/stockguide/stockguide/venv/lib/python3.13/site-packages/uvicorn/middleware/proxy_headers.py", line 60, in __call__
    return await self.app(scope, receive, send)
           ^^^^^^^^^^^^^^^^^^^^^^^^^^^^^^^^^^^^
  File "/home/kplinux/Downloads/projects/stockguide/stockguide/venv/lib/python3.13/site-packages/fastapi/applications.py", line 1106, in __call__
    await super().__call__(scope, receive, send)
  File "/home/kplinux/Downloads/projects/stockguide/stockguide/venv/lib/python3.13/site-packages/starlette/applications.py", line 106, in __call__
    self.middleware_stack = self.build_middleware_stack()
                            ~~~~~~~~~~~~~~~~~~~~~~~~~~~^^
  File "/home/kplinux/Downloads/projects/stockguide/stockguide/venv/lib/python3.13/site-packages/fastapi/applications.py", line 1014, in build_middleware_stack
    for cls, options in reversed(middleware):
        ^^^^^^^^^^^^
ValueError: too many values to unpack (expected 2)
INFO:     127.0.0.1:49024 - "GET /favicon.ico HTTP/1.1" 500 Internal Server Error
ERROR:    Exception in ASGI application
Traceback (most recent call last):
  File "/home/kplinux/Downloads/projects/stockguide/stockguide/venv/lib/python3.13/site-packages/uvicorn/protocols/http/httptools_impl.py", line 416, in run_asgi
    result = await app(  # type: ignore[func-returns-value]
             ^^^^^^^^^^^^^^^^^^^^^^^^^^^^^^^^^^^^^^^^^^^^^^
        self.scope, self.receive, self.send
        ^^^^^^^^^^^^^^^^^^^^^^^^^^^^^^^^^^^
    )
    ^
  File "/home/kplinux/Downloads/projects/stockguide/stockguide/venv/lib/python3.13/site-packages/uvicorn/middleware/proxy_headers.py", line 60, in __call__
    return await self.app(scope, receive, send)
           ^^^^^^^^^^^^^^^^^^^^^^^^^^^^^^^^^^^^
  File "/home/kplinux/Downloads/projects/stockguide/stockguide/venv/lib/python3.13/site-packages/fastapi/applications.py", line 1106, in __call__
    await super().__call__(scope, receive, send)
  File "/home/kplinux/Downloads/projects/stockguide/stockguide/venv/lib/python3.13/site-packages/starlette/applications.py", line 106, in __call__
    self.middleware_stack = self.build_middleware_stack()
                            ~~~~~~~~~~~~~~~~~~~~~~~~~~~^^
  File "/home/kplinux/Downloads/projects/stockguide/stockguide/venv/lib/python3.13/site-packages/fastapi/applications.py", line 1014, in build_middleware_stack
    for cls, options in reversed(middleware):
        ^^^^^^^^^^^^
ValueError: too many values to unpack (expected 2)
INFO:     127.0.0.1:49134 - "GET /docs HTTP/1.1" 500 Internal Server Error
ERROR:    Exception in ASGI application
Traceback (most recent call last):
  File "/home/kplinux/Downloads/projects/stockguide/stockguide/venv/lib/python3.13/site-packages/uvicorn/protocols/http/httptools_impl.py", line 416, in run_asgi
    result = await app(  # type: ignore[func-returns-value]
             ^^^^^^^^^^^^^^^^^^^^^^^^^^^^^^^^^^^^^^^^^^^^^^
        self.scope, self.receive, self.send
        ^^^^^^^^^^^^^^^^^^^^^^^^^^^^^^^^^^^
    )
    ^
  File "/home/kplinux/Downloads/projects/stockguide/stockguide/venv/lib/python3.13/site-packages/uvicorn/middleware/proxy_headers.py", line 60, in __call__
    return await self.app(scope, receive, send)
           ^^^^^^^^^^^^^^^^^^^^^^^^^^^^^^^^^^^^
  File "/home/kplinux/Downloads/projects/stockguide/stockguide/venv/lib/python3.13/site-packages/fastapi/applications.py", line 1106, in __call__
    await super().__call__(scope, receive, send)
  File "/home/kplinux/Downloads/projects/stockguide/stockguide/venv/lib/python3.13/site-packages/starlette/applications.py", line 106, in __call__
    self.middleware_stack = self.build_middleware_stack()
                            ~~~~~~~~~~~~~~~~~~~~~~~~~~~^^
  File "/home/kplinux/Downloads/projects/stockguide/stockguide/venv/lib/python3.13/site-packages/fastapi/applications.py", line 1014, in build_middleware_stack
    for cls, options in reversed(middleware):
        ^^^^^^^^^^^^
ValueError: too many values to unpack (expected 2)
INFO:     127.0.0.1:49150 - "GET /favicon.ico HTTP/1.1" 500 Internal Server Error
