[0;36m⏱  Session started at: Tue May 12 10:49:06 PM EDT 2026[0m
[0;36m━━━━━━━━━━━━━━━━━━━━━━━━━━━━━━━━━━━━━━━━[0m
✓ Loaded environment variables from .env
🚀 Starting Rational Equity from /home/kplinux/Downloads/projects/stockguide/stockguide/backend...
---------------------------------------------------
INFO:     Will watch for changes in these directories: ['/home/kplinux/Downloads/projects/stockguide/stockguide/backend']
INFO:     Uvicorn running on http://0.0.0.0:8000 (Press CTRL+C to quit)
INFO:     Started reloader process [2602561] using WatchFiles
Process SpawnProcess-1:
Traceback (most recent call last):
  File "/usr/lib/python3.14/multiprocessing/process.py", line 320, in _bootstrap
    self.run()
    ~~~~~~~~^^
  File "/usr/lib/python3.14/multiprocessing/process.py", line 108, in run
    self._target(*self._args, **self._kwargs)
    ~~~~~~~~~~~~^^^^^^^^^^^^^^^^^^^^^^^^^^^^^
  File "/home/kplinux/Downloads/projects/stockguide/stockguide/venv/lib/python3.14/site-packages/uvicorn/_subprocess.py", line 80, in subprocess_started
    target(sockets=sockets)
    ~~~~~~^^^^^^^^^^^^^^^^^
  File "/home/kplinux/Downloads/projects/stockguide/stockguide/venv/lib/python3.14/site-packages/uvicorn/server.py", line 75, in run
    return asyncio_run(self.serve(sockets=sockets), loop_factory=self.config.get_loop_factory())
  File "/usr/lib/python3.14/asyncio/runners.py", line 204, in run
    return runner.run(main)
           ~~~~~~~~~~^^^^^^
  File "/usr/lib/python3.14/asyncio/runners.py", line 127, in run
    return self._loop.run_until_complete(task)
           ~~~~~~~~~~~~~~~~~~~~~~~~~~~~~^^^^^^
  File "uvloop/loop.pyx", line 1518, in uvloop.loop.Loop.run_until_complete
  File "/home/kplinux/Downloads/projects/stockguide/stockguide/venv/lib/python3.14/site-packages/uvicorn/server.py", line 79, in serve
    await self._serve(sockets)
  File "/home/kplinux/Downloads/projects/stockguide/stockguide/venv/lib/python3.14/site-packages/uvicorn/server.py", line 86, in _serve
    config.load()
    ~~~~~~~~~~~^^
  File "/home/kplinux/Downloads/projects/stockguide/stockguide/venv/lib/python3.14/site-packages/uvicorn/config.py", line 449, in load
    self.loaded_app = import_from_string(self.app)
                      ~~~~~~~~~~~~~~~~~~^^^^^^^^^^
  File "/home/kplinux/Downloads/projects/stockguide/stockguide/venv/lib/python3.14/site-packages/uvicorn/importer.py", line 19, in import_from_string
    module = importlib.import_module(module_str)
  File "/usr/lib/python3.14/importlib/__init__.py", line 88, in import_module
    return _bootstrap._gcd_import(name[level:], package, level)
           ~~~~~~~~~~~~~~~~~~~~~~^^^^^^^^^^^^^^^^^^^^^^^^^^^^^^
  File "<frozen importlib._bootstrap>", line 1406, in _gcd_import
  File "<frozen importlib._bootstrap>", line 1371, in _find_and_load
  File "<frozen importlib._bootstrap>", line 1342, in _find_and_load_unlocked
  File "<frozen importlib._bootstrap>", line 938, in _load_unlocked
  File "<frozen importlib._bootstrap_external>", line 759, in exec_module
  File "<frozen importlib._bootstrap>", line 491, in _call_with_frames_removed
  File "/home/kplinux/Downloads/projects/stockguide/stockguide/backend/main.py", line 261, in <module>
    from research import get_comprehensive_research, get_historical_trends, get_price_chart
  File "/home/kplinux/Downloads/projects/stockguide/stockguide/backend/research.py", line 218
    try:
IndentationError: unexpected indent
🌍 Opening Dashboard at http://localhost:8000
WARNING:  WatchFiles detected changes in 'research.py'. Reloading...
INFO:     Started server process [2602803]
INFO:     Waiting for application startup.
INFO:     Application startup complete.

1 Failed download:
['^GSPC']: YFRateLimitError('Too Many Requests. Rate limited. Try after a while.')
HTTP Error 401: {"finance":{"result":null,"error":{"code":"Unauthorized","description":"Invalid Crumb"}}}
HTTP Error 401: {"finance":{"result":null,"error":{"code":"Unauthorized","description":"Invalid Crumb"}}}
HTTP Error 401: {"finance":{"result":null,"error":{"code":"Unauthorized","description":"Invalid Crumb"}}}
HTTP Error 401: {"finance":{"result":null,"error":{"code":"Unauthorized","description":"Invalid Crumb"}}}
$WRK: possibly delisted; no price data found  (period=252d) (Yahoo error = "No data found, symbol may be delisted")
/home/kplinux/Downloads/projects/stockguide/stockguide/venv/lib/python3.14/site-packages/starlette/_utils.py:42: DeprecationWarning: 'asyncio.iscoroutinefunction' is deprecated and slated for removal in Python 3.16; use inspect.iscoroutinefunction() instead
  return asyncio.iscoroutinefunction(obj) or (
[Dip Hunter] Scanning 148 tickers (0 bleeding sectors)
[Dip Hunter] Phase 1/3: Downloading price history for 148 tickers...
INFO:     127.0.0.1:32970 - "GET / HTTP/1.1" 200 OK
INFO:     127.0.0.1:32980 - "GET /static/app.js?v=18 HTTP/1.1" 200 OK
INFO:     127.0.0.1:32970 - "GET /static/portfolio.js?v=19 HTTP/1.1" 200 OK
INFO:     127.0.0.1:32970 - "GET /static/js/api.js HTTP/1.1" 200 OK
INFO:     127.0.0.1:32980 - "GET /static/js/utils.js HTTP/1.1" 200 OK
INFO:     127.0.0.1:32990 - "GET /static/js/components/researchUi.js HTTP/1.1" 200 OK
INFO:     127.0.0.1:32996 - "GET /static/js/components/thematic.js HTTP/1.1" 200 OK
INFO:     127.0.0.1:32988 - "GET /static/js/components/marketStatus.js HTTP/1.1" 200 OK
INFO:     127.0.0.1:33012 - "GET /static/js/components/screenerUi.js HTTP/1.1" 200 OK
INFO:     127.0.0.1:32970 - "GET /static/js/components/economics.js HTTP/1.1" 200 OK
INFO:     127.0.0.1:32980 - "GET /static/js/components/dipHunter.js HTTP/1.1" 200 OK
INFO:     127.0.0.1:32990 - "GET /static/js/components/alpha.js HTTP/1.1" 200 OK
INFO:     127.0.0.1:32988 - "GET /static/js/components/smallCaps.js HTTP/1.1" 200 OK
INFO:     127.0.0.1:33012 - "GET /static/js/components/international.js HTTP/1.1" 200 OK
/home/kplinux/Downloads/projects/stockguide/stockguide/venv/lib/python3.14/site-packages/starlette/_utils.py:42: DeprecationWarning: 'asyncio.iscoroutinefunction' is deprecated and slated for removal in Python 3.16; use inspect.iscoroutinefunction() instead
  return asyncio.iscoroutinefunction(obj) or (
/usr/lib/python3.14/asyncio/threads.py:25: DeprecationWarning: 'asyncio.iscoroutinefunction' is deprecated and slated for removal in Python 3.16; use inspect.iscoroutinefunction() instead
  return await loop.run_in_executor(None, func_call)
INFO:     127.0.0.1:32988 - "GET /api/market-status HTTP/1.1" 200 OK
/home/kplinux/Downloads/projects/stockguide/stockguide/venv/lib/python3.14/site-packages/starlette/_utils.py:42: DeprecationWarning: 'asyncio.iscoroutinefunction' is deprecated and slated for removal in Python 3.16; use inspect.iscoroutinefunction() instead
  return asyncio.iscoroutinefunction(obj) or (
/usr/lib/python3.14/asyncio/threads.py:25: DeprecationWarning: 'asyncio.iscoroutinefunction' is deprecated and slated for removal in Python 3.16; use inspect.iscoroutinefunction() instead
  return await loop.run_in_executor(None, func_call)
/home/kplinux/Downloads/projects/stockguide/stockguide/venv/lib/python3.14/site-packages/starlette/_utils.py:42: DeprecationWarning: 'asyncio.iscoroutinefunction' is deprecated and slated for removal in Python 3.16; use inspect.iscoroutinefunction() instead
  return asyncio.iscoroutinefunction(obj) or (
/usr/lib/python3.14/asyncio/threads.py:25: DeprecationWarning: 'asyncio.iscoroutinefunction' is deprecated and slated for removal in Python 3.16; use inspect.iscoroutinefunction() instead
  return await loop.run_in_executor(None, func_call)
/home/kplinux/Downloads/projects/stockguide/stockguide/venv/lib/python3.14/site-packages/starlette/_utils.py:42: DeprecationWarning: 'asyncio.iscoroutinefunction' is deprecated and slated for removal in Python 3.16; use inspect.iscoroutinefunction() instead
  return asyncio.iscoroutinefunction(obj) or (
INFO:     127.0.0.1:32990 - "GET /api/macro HTTP/1.1" 200 OK
INFO:     127.0.0.1:33012 - "GET /api/industries/top HTTP/1.1" 200 OK
INFO:     127.0.0.1:32970 - "GET /api/admin/data-source HTTP/1.1" 200 OK
INFO:     127.0.0.1:32988 - "GET /static/favicon.png HTTP/1.1" 200 OK
/home/kplinux/Downloads/projects/stockguide/stockguide/venv/lib/python3.14/site-packages/starlette/_utils.py:42: DeprecationWarning: 'asyncio.iscoroutinefunction' is deprecated and slated for removal in Python 3.16; use inspect.iscoroutinefunction() instead
  return asyncio.iscoroutinefunction(obj) or (
/usr/lib/python3.14/asyncio/threads.py:25: DeprecationWarning: 'asyncio.iscoroutinefunction' is deprecated and slated for removal in Python 3.16; use inspect.iscoroutinefunction() instead
  return await loop.run_in_executor(None, func_call)
/home/kplinux/Downloads/projects/stockguide/stockguide/venv/lib/python3.14/site-packages/starlette/_utils.py:42: DeprecationWarning: 'asyncio.iscoroutinefunction' is deprecated and slated for removal in Python 3.16; use inspect.iscoroutinefunction() instead
  return asyncio.iscoroutinefunction(obj) or (
/usr/lib/python3.14/asyncio/threads.py:25: DeprecationWarning: 'asyncio.iscoroutinefunction' is deprecated and slated for removal in Python 3.16; use inspect.iscoroutinefunction() instead
  return await loop.run_in_executor(None, func_call)
/home/kplinux/Downloads/projects/stockguide/stockguide/venv/lib/python3.14/site-packages/starlette/_utils.py:42: DeprecationWarning: 'asyncio.iscoroutinefunction' is deprecated and slated for removal in Python 3.16; use inspect.iscoroutinefunction() instead
  return asyncio.iscoroutinefunction(obj) or (
/usr/lib/python3.14/asyncio/threads.py:25: DeprecationWarning: 'asyncio.iscoroutinefunction' is deprecated and slated for removal in Python 3.16; use inspect.iscoroutinefunction() instead
  return await loop.run_in_executor(None, func_call)
INFO:     127.0.0.1:44068 - "GET /api/research/AAPL HTTP/1.1" 200 OK
/home/kplinux/Downloads/projects/stockguide/stockguide/venv/lib/python3.14/site-packages/starlette/_utils.py:42: DeprecationWarning: 'asyncio.iscoroutinefunction' is deprecated and slated for removal in Python 3.16; use inspect.iscoroutinefunction() instead
  return asyncio.iscoroutinefunction(obj) or (
/usr/lib/python3.14/asyncio/threads.py:25: DeprecationWarning: 'asyncio.iscoroutinefunction' is deprecated and slated for removal in Python 3.16; use inspect.iscoroutinefunction() instead
  return await loop.run_in_executor(None, func_call)
/home/kplinux/Downloads/projects/stockguide/stockguide/venv/lib/python3.14/site-packages/starlette/_utils.py:42: DeprecationWarning: 'asyncio.iscoroutinefunction' is deprecated and slated for removal in Python 3.16; use inspect.iscoroutinefunction() instead
  return asyncio.iscoroutinefunction(obj) or (
/usr/lib/python3.14/asyncio/threads.py:25: DeprecationWarning: 'asyncio.iscoroutinefunction' is deprecated and slated for removal in Python 3.16; use inspect.iscoroutinefunction() instead
  return await loop.run_in_executor(None, func_call)
INFO:     127.0.0.1:34706 - "GET /api/research/price-chart/AAPL?days=252 HTTP/1.1" 200 OK
/home/kplinux/Downloads/projects/stockguide/stockguide/venv/lib/python3.14/site-packages/starlette/_utils.py:42: DeprecationWarning: 'asyncio.iscoroutinefunction' is deprecated and slated for removal in Python 3.16; use inspect.iscoroutinefunction() instead
  return asyncio.iscoroutinefunction(obj) or (
/usr/lib/python3.14/asyncio/threads.py:25: DeprecationWarning: 'asyncio.iscoroutinefunction' is deprecated and slated for removal in Python 3.16; use inspect.iscoroutinefunction() instead
  return await loop.run_in_executor(None, func_call)
/home/kplinux/Downloads/projects/stockguide/stockguide/venv/lib/python3.14/site-packages/starlette/_utils.py:42: DeprecationWarning: 'asyncio.iscoroutinefunction' is deprecated and slated for removal in Python 3.16; use inspect.iscoroutinefunction() instead
  return asyncio.iscoroutinefunction(obj) or (
/usr/lib/python3.14/asyncio/threads.py:25: DeprecationWarning: 'asyncio.iscoroutinefunction' is deprecated and slated for removal in Python 3.16; use inspect.iscoroutinefunction() instead
  return await loop.run_in_executor(None, func_call)
/home/kplinux/Downloads/projects/stockguide/stockguide/venv/lib/python3.14/site-packages/starlette/_utils.py:42: DeprecationWarning: 'asyncio.iscoroutinefunction' is deprecated and slated for removal in Python 3.16; use inspect.iscoroutinefunction() instead
  return asyncio.iscoroutinefunction(obj) or (
/usr/lib/python3.14/asyncio/threads.py:25: DeprecationWarning: 'asyncio.iscoroutinefunction' is deprecated and slated for removal in Python 3.16; use inspect.iscoroutinefunction() instead
  return await loop.run_in_executor(None, func_call)
INFO:     127.0.0.1:44060 - "GET /api/dip-hunter/etfs HTTP/1.1" 200 OK
/home/kplinux/Downloads/projects/stockguide/stockguide/venv/lib/python3.14/site-packages/starlette/_utils.py:42: DeprecationWarning: 'asyncio.iscoroutinefunction' is deprecated and slated for removal in Python 3.16; use inspect.iscoroutinefunction() instead
  return asyncio.iscoroutinefunction(obj) or (
/usr/lib/python3.14/asyncio/threads.py:25: DeprecationWarning: 'asyncio.iscoroutinefunction' is deprecated and slated for removal in Python 3.16; use inspect.iscoroutinefunction() instead
  return await loop.run_in_executor(None, func_call)
INFO:     127.0.0.1:44060 - "GET /api/research/price-chart/AAPL?days=252 HTTP/1.1" 200 OK
/home/kplinux/Downloads/projects/stockguide/stockguide/venv/lib/python3.14/site-packages/starlette/_utils.py:42: DeprecationWarning: 'asyncio.iscoroutinefunction' is deprecated and slated for removal in Python 3.16; use inspect.iscoroutinefunction() instead
  return asyncio.iscoroutinefunction(obj) or (
/usr/lib/python3.14/asyncio/threads.py:25: DeprecationWarning: 'asyncio.iscoroutinefunction' is deprecated and slated for removal in Python 3.16; use inspect.iscoroutinefunction() instead
  return await loop.run_in_executor(None, func_call)
_get_price_live_raw(IBKR) failed after 3 attempts: Failed to perform, curl: (6) Could not resolve host: finance.yahoo.com. See https://curl.se/libcurl/c/libcurl-errors.html first for more details.
_get_price_live_raw(COP) failed after 3 attempts: Failed to perform, curl: (6) Could not resolve host: finance.yahoo.com. See https://curl.se/libcurl/c/libcurl-errors.html first for more details.
_get_price_live_raw(QCOM) failed after 3 attempts: Failed to perform, curl: (6) Could not resolve host: finance.yahoo.com. See https://curl.se/libcurl/c/libcurl-errors.html first for more details.
_get_price_live_raw(HON) failed after 3 attempts: Failed to perform, curl: (6) Could not resolve host: finance.yahoo.com. See https://curl.se/libcurl/c/libcurl-errors.html first for more details.
$NIO: possibly delisted; no price data found  (period=1y)
$NVO: possibly delisted; no price data found  (period=1y)
$SU: possibly delisted; no price data found  (period=1y)
$XQQ: possibly delisted; no price data found  (period=1y)
Failed to get ticker 'XEQT' reason: Failed to perform, curl: (6) Could not resolve host: query2.finance.yahoo.com. See https://curl.se/libcurl/c/libcurl-errors.html first for more details.
$VFV: possibly delisted; no price data found  (period=1y)
$TD: possibly delisted; no price data found  (period=1y)
Failed to get ticker 'TA' reason: Failed to perform, curl: (6) Could not resolve host: query2.finance.yahoo.com. See https://curl.se/libcurl/c/libcurl-errors.html first for more details.
$TA: possibly delisted; no price data found  (period=1y)
$DOCU: possibly delisted; no price data found  (period=1y)
$VSNT: possibly delisted; no price data found  (period=1y)
$BNS: possibly delisted; no price data found  (period=1y)
$TRI: possibly delisted; no price data found  (period=1y)
$BMNR: possibly delisted; no price data found  (period=1y)
$JD: possibly delisted; no price data found  (period=1y)
$MVIS: possibly delisted; no price data found  (period=1y)
$MSTR: possibly delisted; no price data found  (period=1y)
$NPI: possibly delisted; no price data found  (period=1y)
$MG: possibly delisted; no price data found  (period=1y)
$CRSP: possibly delisted; no price data found  (period=1y)
$XEG: possibly delisted; no price data found  (period=1y)
$HCC: possibly delisted; no price data found  (period=1y)
$ETH: possibly delisted; no price data found  (period=1y)
$HIVE: possibly delisted; no price data found  (period=1y)
$QQQM: possibly delisted; no price data found  (period=1y)
$CROX: possibly delisted; no price data found  (period=1y)
$SIRI: possibly delisted; no price data found  (period=1y)
Failed to get ticker 'HMMJ' reason: Failed to perform, curl: (6) Could not resolve host: query2.finance.yahoo.com. See https://curl.se/libcurl/c/libcurl-errors.html first for more details.
$VEEV: possibly delisted; no price data found  (period=1y)
$HMMJ: possibly delisted; no price data found  (period=1y)
$SCHD: possibly delisted; no price data found  (period=1y)
Failed to get ticker 'RCI.B' reason: Failed to perform, curl: (6) Could not resolve host: query2.finance.yahoo.com. See https://curl.se/libcurl/c/libcurl-errors.html first for more details.
$ZEB: possibly delisted; no price data found  (period=1y)
$RCI.B: possibly delisted; no price data found  (period=1y)
Failed to get ticker 'KILO' reason: Failed to perform, curl: (6) Could not resolve host: query2.finance.yahoo.com. See https://curl.se/libcurl/c/libcurl-errors.html first for more details.
$TRP: possibly delisted; no price data found  (period=1y)
$KILO: possibly delisted; no price data found  (period=1y)
$BTC: possibly delisted; no price data found  (period=1y)
$SNOW: possibly delisted; no price data found  (period=1y)
$VOO: possibly delisted; no price data found  (period=1y)
$AQN: possibly delisted; no price data found  (period=1y)
$ZSP: possibly delisted; no price data found  (period=1y)
$ENB: possibly delisted; no price data found  (period=1y)
$XSP: possibly delisted; no price data found  (period=1y)
$PR: possibly delisted; no price data found  (period=1y)
$VTV: possibly delisted; no price data found  (period=1y)
$AMR: possibly delisted; no price data found  (period=1y)
$RIVN: possibly delisted; no price data found  (period=1y)

44 Failed downloads:
['NIO', 'NVO', 'SU', 'XQQ', 'VFV', 'TD', 'TA', 'DOCU', 'VSNT', 'BNS', 'TRI', 'BMNR', 'JD', 'MVIS', 'MSTR', 'NPI', 'MG', 'CRSP', 'XEG', 'HCC', 'ETH', 'HIVE', 'QQQM', 'CROX', 'SIRI', 'VEEV', 'HMMJ', 'SCHD', 'ZEB', 'RCI.B', 'TRP', 'KILO', 'BTC', 'SNOW', 'VOO', 'AQN', 'ZSP', 'ENB', 'XSP', 'PR', 'VTV', 'AMR', 'RIVN']: possibly delisted; no price data found  (period=1y)
['XEQT']: DNSError('Failed to perform, curl: (6) Could not resolve host: query2.finance.yahoo.com. See https://curl.se/libcurl/c/libcurl-errors.html first for more details.')
_get_price_live_raw(HBAN) failed after 3 attempts: Failed to perform, curl: (28) Operation timed out after 32148 milliseconds with 0 bytes received. See https://curl.se/libcurl/c/libcurl-errors.html first for more details.
_get_price_live_raw(DGX) failed after 3 attempts: Failed to perform, curl: (6) Could not resolve host: finance.yahoo.com. See https://curl.se/libcurl/c/libcurl-errors.html first for more details.
_get_price_live_raw(ORCL) failed after 3 attempts: Failed to perform, curl: (6) Could not resolve host: finance.yahoo.com. See https://curl.se/libcurl/c/libcurl-errors.html first for more details.
_get_price_live_raw(OMC) failed after 3 attempts: Failed to perform, curl: (6) Could not resolve host: finance.yahoo.com. See https://curl.se/libcurl/c/libcurl-errors.html first for more details.
yfinance fundamentals failed for PYPL: Failed to perform, curl: (6) Could not resolve host: finance.yahoo.com. See https://curl.se/libcurl/c/libcurl-errors.html first for more details.
/home/kplinux/Downloads/projects/stockguide/stockguide/venv/lib/python3.14/site-packages/starlette/_utils.py:42: DeprecationWarning: 'asyncio.iscoroutinefunction' is deprecated and slated for removal in Python 3.16; use inspect.iscoroutinefunction() instead
  return asyncio.iscoroutinefunction(obj) or (
/home/kplinux/Downloads/projects/stockguide/stockguide/venv/lib/python3.14/site-packages/starlette/_utils.py:42: DeprecationWarning: 'asyncio.iscoroutinefunction' is deprecated and slated for removal in Python 3.16; use inspect.iscoroutinefunction() instead
  return asyncio.iscoroutinefunction(obj) or (
[Dip Hunter] Phase 1/3: Done in 119.5s (104 tickers cached, saved to DB)
[Dip Hunter] Phase 2/3: 135 candidates after pre-filter. Fetching fundamentals...
[Dip Hunter] Phase 2/3: Done in 119.6s (84 fundamentals fetched, saved to DB)
[Dip Hunter] Phase 3/3: Scoring 135 candidates...
[Dip Hunter] Complete: 30 opportunities found in 120.5s
INFO:     127.0.0.1:60234 - "GET / HTTP/1.1" 200 OK
INFO:     127.0.0.1:60240 - "GET /static/portfolio.js?v=19 HTTP/1.1" 304 Not Modified
INFO:     127.0.0.1:60234 - "GET /static/app.js?v=18 HTTP/1.1" 304 Not Modified
INFO:     127.0.0.1:60234 - "GET /static/js/utils.js HTTP/1.1" 304 Not Modified
INFO:     127.0.0.1:60240 - "GET /static/js/components/researchUi.js HTTP/1.1" 304 Not Modified
INFO:     127.0.0.1:60266 - "GET /static/js/components/screenerUi.js HTTP/1.1" 304 Not Modified
INFO:     127.0.0.1:60278 - "GET /static/js/components/economics.js HTTP/1.1" 304 Not Modified
INFO:     127.0.0.1:60276 - "GET /static/js/components/dipHunter.js HTTP/1.1" 304 Not Modified
INFO:     127.0.0.1:60254 - "GET /static/js/components/thematic.js HTTP/1.1" 304 Not Modified
INFO:     127.0.0.1:60234 - "GET /static/js/components/smallCaps.js HTTP/1.1" 304 Not Modified
INFO:     127.0.0.1:60240 - "GET /static/js/components/international.js HTTP/1.1" 304 Not Modified
/home/kplinux/Downloads/projects/stockguide/stockguide/venv/lib/python3.14/site-packages/starlette/_utils.py:42: DeprecationWarning: 'asyncio.iscoroutinefunction' is deprecated and slated for removal in Python 3.16; use inspect.iscoroutinefunction() instead
  return asyncio.iscoroutinefunction(obj) or (
/usr/lib/python3.14/asyncio/threads.py:25: DeprecationWarning: 'asyncio.iscoroutinefunction' is deprecated and slated for removal in Python 3.16; use inspect.iscoroutinefunction() instead
  return await loop.run_in_executor(None, func_call)
/home/kplinux/Downloads/projects/stockguide/stockguide/venv/lib/python3.14/site-packages/starlette/_utils.py:42: DeprecationWarning: 'asyncio.iscoroutinefunction' is deprecated and slated for removal in Python 3.16; use inspect.iscoroutinefunction() instead
  return asyncio.iscoroutinefunction(obj) or (
/usr/lib/python3.14/asyncio/threads.py:25: DeprecationWarning: 'asyncio.iscoroutinefunction' is deprecated and slated for removal in Python 3.16; use inspect.iscoroutinefunction() instead
  return await loop.run_in_executor(None, func_call)
/home/kplinux/Downloads/projects/stockguide/stockguide/venv/lib/python3.14/site-packages/starlette/_utils.py:42: DeprecationWarning: 'asyncio.iscoroutinefunction' is deprecated and slated for removal in Python 3.16; use inspect.iscoroutinefunction() instead
  return asyncio.iscoroutinefunction(obj) or (
/usr/lib/python3.14/asyncio/threads.py:25: DeprecationWarning: 'asyncio.iscoroutinefunction' is deprecated and slated for removal in Python 3.16; use inspect.iscoroutinefunction() instead
  return await loop.run_in_executor(None, func_call)
/home/kplinux/Downloads/projects/stockguide/stockguide/venv/lib/python3.14/site-packages/starlette/_utils.py:42: DeprecationWarning: 'asyncio.iscoroutinefunction' is deprecated and slated for removal in Python 3.16; use inspect.iscoroutinefunction() instead
  return asyncio.iscoroutinefunction(obj) or (
INFO:     127.0.0.1:60278 - "GET /api/admin/data-source HTTP/1.1" 200 OK
/home/kplinux/Downloads/projects/stockguide/stockguide/venv/lib/python3.14/site-packages/starlette/_utils.py:42: DeprecationWarning: 'asyncio.iscoroutinefunction' is deprecated and slated for removal in Python 3.16; use inspect.iscoroutinefunction() instead
  return asyncio.iscoroutinefunction(obj) or (
/usr/lib/python3.14/asyncio/threads.py:25: DeprecationWarning: 'asyncio.iscoroutinefunction' is deprecated and slated for removal in Python 3.16; use inspect.iscoroutinefunction() instead
  return await loop.run_in_executor(None, func_call)
/home/kplinux/Downloads/projects/stockguide/stockguide/venv/lib/python3.14/site-packages/starlette/_utils.py:42: DeprecationWarning: 'asyncio.iscoroutinefunction' is deprecated and slated for removal in Python 3.16; use inspect.iscoroutinefunction() instead
  return asyncio.iscoroutinefunction(obj) or (
/usr/lib/python3.14/asyncio/threads.py:25: DeprecationWarning: 'asyncio.iscoroutinefunction' is deprecated and slated for removal in Python 3.16; use inspect.iscoroutinefunction() instead
  return await loop.run_in_executor(None, func_call)
