[0;36m⏱  Session started at: Thu May 14 09:29:02 PM EDT 2026[0m
[0;36m━━━━━━━━━━━━━━━━━━━━━━━━━━━━━━━━━━━━━━━━[0m
✓ Loaded environment variables from .env
🚀 Starting Rational Equity from /home/kplinux/Downloads/projects/stockguide/stockguide/backend...
---------------------------------------------------
INFO:     Will watch for changes in these directories: ['/home/kplinux/Downloads/projects/stockguide/stockguide/backend']
INFO:     Uvicorn running on http://0.0.0.0:8000 (Press CTRL+C to quit)
INFO:     Started reloader process [2652353] using WatchFiles
INFO:     Started server process [2652355]
INFO:     Waiting for application startup.
INFO:     Application startup complete.
🌍 Opening Dashboard at http://localhost:8000
INFO:     127.0.0.1:58794 - "GET / HTTP/1.1" 200 OK
INFO:     127.0.0.1:58796 - "GET /static/app.js?v=18 HTTP/1.1" 200 OK
INFO:     127.0.0.1:58794 - "GET /static/portfolio.js?v=19 HTTP/1.1" 200 OK
INFO:     127.0.0.1:58794 - "GET /static/js/utils.js HTTP/1.1" 304 Not Modified
INFO:     127.0.0.1:58796 - "GET /static/js/components/researchUi.js HTTP/1.1" 200 OK
INFO:     127.0.0.1:58806 - "GET /static/js/components/technicalZones.js HTTP/1.1" 200 OK
INFO:     127.0.0.1:58812 - "GET /static/js/components/thematic.js HTTP/1.1" 304 Not Modified
INFO:     127.0.0.1:58794 - "GET /static/js/components/dipHunter.js HTTP/1.1" 304 Not Modified
INFO:     127.0.0.1:58816 - "GET /static/js/components/economics.js HTTP/1.1" 304 Not Modified
INFO:     127.0.0.1:58814 - "GET /static/js/components/screenerUi.js HTTP/1.1" 304 Not Modified
INFO:     127.0.0.1:58814 - "GET /static/js/components/international.js HTTP/1.1" 304 Not Modified
INFO:     127.0.0.1:58812 - "GET /static/js/components/smallCaps.js HTTP/1.1" 304 Not Modified
INFO:     127.0.0.1:58814 - "GET /api/admin/data-source HTTP/1.1" 200 OK
[RETRY 1/3] <lambda> failed: Too Many Requests. Rate limited. Try after a while.. Retrying in 2.1s …
INFO:     127.0.0.1:58806 - "GET /api/market-status HTTP/1.1" 200 OK
INFO:     127.0.0.1:58812 - "GET /api/macro HTTP/1.1" 200 OK
INFO:     127.0.0.1:58796 - "GET /api/industries/top HTTP/1.1" 200 OK
get_price_history yfinance(MMC) failed: Too Many Requests. Rate limited. Try after a while.
get_price_history yfinance(PXD) failed: Too Many Requests. Rate limited. Try after a while.
/home/kplinux/Downloads/projects/stockguide/stockguide/venv/lib/python3.14/site-packages/starlette/_utils.py:42: DeprecationWarning: 'asyncio.iscoroutinefunction' is deprecated and slated for removal in Python 3.16; use inspect.iscoroutinefunction() instead
  return asyncio.iscoroutinefunction(obj) or (
/usr/lib/python3.14/asyncio/threads.py:25: DeprecationWarning: 'asyncio.iscoroutinefunction' is deprecated and slated for removal in Python 3.16; use inspect.iscoroutinefunction() instead
  return await loop.run_in_executor(None, func_call)
[Dip Hunter] Scanning 148 tickers (0 bleeding sectors)
[Dip Hunter] Phase 1/3: Downloading price history for 148 tickers...
INFO:     127.0.0.1:60868 - "GET /api/stocks/Financials HTTP/1.1" 200 OK
$XEG: possibly delisted; no price data found  (period=1y)
HTTP Error 404: {"quoteSummary":{"result":null,"error":{"code":"Not Found","description":"Quote not found for symbol: XEQT"}}}
$XEQT: possibly delisted; no price data found  (period=1y) (Yahoo error = "No data found, symbol may be delisted")
$XQQ: possibly delisted; no price data found  (period=1y)
$XSP: possibly delisted; no price data found  (period=1y)
$ZEB: possibly delisted; no price data found  (period=1y)
$ZSP: possibly delisted; no price data found  (period=1y)
HTTP Error 401: {"finance":{"result":null,"error":{"code":"Unauthorized","description":"Invalid Crumb"}}}
get_price_history yfinance(WRK) failed: Too Many Requests. Rate limited. Try after a while.
$VFV: possibly delisted; no price data found  (period=1y)
$NPI: possibly delisted; no price data found  (period=1y)

12 Failed downloads:
['XEG', 'XQQ', 'XSP', 'ZEB', 'ZSP', 'VFV', 'NPI']: possibly delisted; no price data found  (period=1y)
['XEQT']: possibly delisted; no price data found  (period=1y) (Yahoo error = "No data found, symbol may be delisted")
['HMMJ', 'KILO', 'RCI.B', 'TA']: YFRateLimitError('Too Many Requests. Rate limited. Try after a while.')
/home/kplinux/Downloads/projects/stockguide/stockguide/venv/lib/python3.14/site-packages/starlette/_utils.py:42: DeprecationWarning: 'asyncio.iscoroutinefunction' is deprecated and slated for removal in Python 3.16; use inspect.iscoroutinefunction() instead
  return asyncio.iscoroutinefunction(obj) or (
/usr/lib/python3.14/asyncio/threads.py:25: DeprecationWarning: 'asyncio.iscoroutinefunction' is deprecated and slated for removal in Python 3.16; use inspect.iscoroutinefunction() instead
  return await loop.run_in_executor(None, func_call)
INFO:     127.0.0.1:33360 - "GET /api/research/MCO HTTP/1.1" 200 OK
/home/kplinux/Downloads/projects/stockguide/stockguide/venv/lib/python3.14/site-packages/starlette/_utils.py:42: DeprecationWarning: 'asyncio.iscoroutinefunction' is deprecated and slated for removal in Python 3.16; use inspect.iscoroutinefunction() instead
  return asyncio.iscoroutinefunction(obj) or (
/usr/lib/python3.14/asyncio/threads.py:25: DeprecationWarning: 'asyncio.iscoroutinefunction' is deprecated and slated for removal in Python 3.16; use inspect.iscoroutinefunction() instead
  return await loop.run_in_executor(None, func_call)
/home/kplinux/Downloads/projects/stockguide/stockguide/venv/lib/python3.14/site-packages/starlette/_utils.py:42: DeprecationWarning: 'asyncio.iscoroutinefunction' is deprecated and slated for removal in Python 3.16; use inspect.iscoroutinefunction() instead
  return asyncio.iscoroutinefunction(obj) or (
/usr/lib/python3.14/asyncio/threads.py:25: DeprecationWarning: 'asyncio.iscoroutinefunction' is deprecated and slated for removal in Python 3.16; use inspect.iscoroutinefunction() instead
  return await loop.run_in_executor(None, func_call)
INFO:     127.0.0.1:55128 - "GET /api/research/price-chart/MCO?days=252 HTTP/1.1" 200 OK
INFO:     127.0.0.1:33360 - "GET /api/research/trends/MCO?range=5y HTTP/1.1" 200 OK
$DAY: possibly delisted; no price data found  (period=252d) (Yahoo error = "No data found, symbol may be delisted")
get_price_history yfinance(MRO) failed: Too Many Requests. Rate limited. Try after a while.
$WBA: possibly delisted; no price data found  (period=252d) (Yahoo error = "No data found, symbol may be delisted")
get_price_history yfinance(PARA) failed: Too Many Requests. Rate limited. Try after a while.
/home/kplinux/Downloads/projects/stockguide/stockguide/venv/lib/python3.14/site-packages/starlette/_utils.py:42: DeprecationWarning: 'asyncio.iscoroutinefunction' is deprecated and slated for removal in Python 3.16; use inspect.iscoroutinefunction() instead
  return asyncio.iscoroutinefunction(obj) or (
/usr/lib/python3.14/asyncio/threads.py:25: DeprecationWarning: 'asyncio.iscoroutinefunction' is deprecated and slated for removal in Python 3.16; use inspect.iscoroutinefunction() instead
  return await loop.run_in_executor(None, func_call)
[Dip Hunter] Phase 1/3: Done in 218.5s (136 tickers cached, saved to DB)
[Dip Hunter] Phase 2/3: 128 candidates after pre-filter. Fetching fundamentals...
[Dip Hunter] Phase 2/3: Done in 241.9s (113 fundamentals fetched, saved to DB)
[Dip Hunter] Phase 3/3: Scoring 128 candidates...
[Dip Hunter] Complete: 45 opportunities found in 245.2s
INFO:     127.0.0.1:43628 - "GET /api/technical/zones?zone=all HTTP/1.1" 200 OK
WARNING:  WatchFiles detected changes in 'technical_zones.py'. Reloading...
INFO:     Shutting down
INFO:     Waiting for application shutdown.
INFO:     Application shutdown complete.
INFO:     Finished server process [2652355]
INFO:     Started server process [2660970]
INFO:     Waiting for application startup.
INFO:     Application startup complete.
WARNING:  WatchFiles detected changes in 'main.py'. Reloading...
INFO:     Shutting down
INFO:     Waiting for application shutdown.
INFO:     Application shutdown complete.
INFO:     Finished server process [2660970]
INFO:     Started server process [2661000]
INFO:     Waiting for application startup.
INFO:     Application startup complete.
WARNING:  WatchFiles detected changes in 'portfolio_signals.py'. Reloading...
INFO:     Shutting down
INFO:     Waiting for application shutdown.
INFO:     Application shutdown complete.
INFO:     Finished server process [2661000]
INFO:     Started server process [2661011]
INFO:     Waiting for application startup.
INFO:     Application startup complete.
WARNING:  WatchFiles detected changes in 'portfolio_signals.py'. Reloading...
INFO:     Shutting down
INFO:     Waiting for application shutdown.
INFO:     Application shutdown complete.
INFO:     Finished server process [2661011]
INFO:     Started server process [2661020]
INFO:     Waiting for application startup.
INFO:     Application startup complete.
INFO:     127.0.0.1:56782 - "GET /api/admin/cache/stats HTTP/1.1" 200 OK
INFO:     127.0.0.1:56790 - "GET /api/technical/zones?zone=all&min_data_days=100 HTTP/1.1" 200 OK
WARNING:  WatchFiles detected changes in 'technical_zones.py'. Reloading...
INFO:     Shutting down
INFO:     Waiting for application shutdown.
INFO:     Application shutdown complete.
INFO:     Finished server process [2661020]
INFO:     Started server process [2661050]
INFO:     Waiting for application startup.
INFO:     Application startup complete.
INFO:     127.0.0.1:37986 - "GET /api/technical/zones?zone=all&min_data_days=100 HTTP/1.1" 200 OK
INFO:     127.0.0.1:41596 - "GET /api/technical/zones?zone=dip&min_data_days=100 HTTP/1.1" 200 OK
INFO:     127.0.0.1:32948 - "GET /api/technical/zones?zone=extended&min_data_days=100 HTTP/1.1" 200 OK
INFO:     127.0.0.1:58276 - "GET /api/technical/zones?zone=invalid HTTP/1.1" 400 Bad Request
INFO:     127.0.0.1:58290 - "GET /api/technical/zones?zone=all&min_data_days=100 HTTP/1.1" 200 OK
INFO:     127.0.0.1:58302 - "GET /api/market-status HTTP/1.1" 200 OK
/usr/lib/python3.14/asyncio/threads.py:25: DeprecationWarning: 'asyncio.iscoroutinefunction' is deprecated and slated for removal in Python 3.16; use inspect.iscoroutinefunction() instead
  return await loop.run_in_executor(None, func_call)
/usr/lib/python3.14/asyncio/threads.py:25: DeprecationWarning: 'asyncio.iscoroutinefunction' is deprecated and slated for removal in Python 3.16; use inspect.iscoroutinefunction() instead
  return await loop.run_in_executor(None, func_call)
/usr/lib/python3.14/asyncio/threads.py:25: DeprecationWarning: 'asyncio.iscoroutinefunction' is deprecated and slated for removal in Python 3.16; use inspect.iscoroutinefunction() instead
  return await loop.run_in_executor(None, func_call)
/home/kplinux/Downloads/projects/stockguide/stockguide/venv/lib/python3.14/site-packages/starlette/_utils.py:42: DeprecationWarning: 'asyncio.iscoroutinefunction' is deprecated and slated for removal in Python 3.16; use inspect.iscoroutinefunction() instead
  return asyncio.iscoroutinefunction(obj) or (
/usr/lib/python3.14/asyncio/threads.py:25: DeprecationWarning: 'asyncio.iscoroutinefunction' is deprecated and slated for removal in Python 3.16; use inspect.iscoroutinefunction() instead
  return await loop.run_in_executor(None, func_call)
[Screener] Refreshing cache for 525 symbols...
[Screener] Phase 1/2: Fetching price history...
INFO:     127.0.0.1:41430 - "GET /api/screeners/rule_of_40 HTTP/1.1" 200 OK
/home/kplinux/Downloads/projects/stockguide/stockguide/venv/lib/python3.14/site-packages/starlette/_utils.py:42: DeprecationWarning: 'asyncio.iscoroutinefunction' is deprecated and slated for removal in Python 3.16; use inspect.iscoroutinefunction() instead
  return asyncio.iscoroutinefunction(obj) or (
/usr/lib/python3.14/asyncio/threads.py:25: DeprecationWarning: 'asyncio.iscoroutinefunction' is deprecated and slated for removal in Python 3.16; use inspect.iscoroutinefunction() instead
  return await loop.run_in_executor(None, func_call)
INFO:     127.0.0.1:41434 - "GET /api/screeners/lynch HTTP/1.1" 200 OK
/home/kplinux/Downloads/projects/stockguide/stockguide/venv/lib/python3.14/site-packages/starlette/_utils.py:42: DeprecationWarning: 'asyncio.iscoroutinefunction' is deprecated and slated for removal in Python 3.16; use inspect.iscoroutinefunction() instead
  return asyncio.iscoroutinefunction(obj) or (
/usr/lib/python3.14/asyncio/threads.py:25: DeprecationWarning: 'asyncio.iscoroutinefunction' is deprecated and slated for removal in Python 3.16; use inspect.iscoroutinefunction() instead
  return await loop.run_in_executor(None, func_call)
INFO:     127.0.0.1:41442 - "GET /api/screeners/deep_value HTTP/1.1" 200 OK
/home/kplinux/Downloads/projects/stockguide/stockguide/venv/lib/python3.14/site-packages/starlette/_utils.py:42: DeprecationWarning: 'asyncio.iscoroutinefunction' is deprecated and slated for removal in Python 3.16; use inspect.iscoroutinefunction() instead
  return asyncio.iscoroutinefunction(obj) or (
/usr/lib/python3.14/asyncio/threads.py:25: DeprecationWarning: 'asyncio.iscoroutinefunction' is deprecated and slated for removal in Python 3.16; use inspect.iscoroutinefunction() instead
  return await loop.run_in_executor(None, func_call)
/usr/lib/python3.14/asyncio/threads.py:25: DeprecationWarning: 'asyncio.iscoroutinefunction' is deprecated and slated for removal in Python 3.16; use inspect.iscoroutinefunction() instead
  return await loop.run_in_executor(None, func_call)
/home/kplinux/Downloads/projects/stockguide/stockguide/venv/lib/python3.14/site-packages/starlette/_utils.py:42: DeprecationWarning: 'asyncio.iscoroutinefunction' is deprecated and slated for removal in Python 3.16; use inspect.iscoroutinefunction() instead
  return asyncio.iscoroutinefunction(obj) or (
/usr/lib/python3.14/asyncio/threads.py:25: DeprecationWarning: 'asyncio.iscoroutinefunction' is deprecated and slated for removal in Python 3.16; use inspect.iscoroutinefunction() instead
  return await loop.run_in_executor(None, func_call)
/home/kplinux/Downloads/projects/stockguide/stockguide/venv/lib/python3.14/site-packages/starlette/_utils.py:42: DeprecationWarning: 'asyncio.iscoroutinefunction' is deprecated and slated for removal in Python 3.16; use inspect.iscoroutinefunction() instead
  return asyncio.iscoroutinefunction(obj) or (
/usr/lib/python3.14/asyncio/threads.py:25: DeprecationWarning: 'asyncio.iscoroutinefunction' is deprecated and slated for removal in Python 3.16; use inspect.iscoroutinefunction() instead
  return await loop.run_in_executor(None, func_call)
/home/kplinux/Downloads/projects/stockguide/stockguide/venv/lib/python3.14/site-packages/starlette/_utils.py:42: DeprecationWarning: 'asyncio.iscoroutinefunction' is deprecated and slated for removal in Python 3.16; use inspect.iscoroutinefunction() instead
  return asyncio.iscoroutinefunction(obj) or (
/usr/lib/python3.14/asyncio/threads.py:25: DeprecationWarning: 'asyncio.iscoroutinefunction' is deprecated and slated for removal in Python 3.16; use inspect.iscoroutinefunction() instead
  return await loop.run_in_executor(None, func_call)
/home/kplinux/Downloads/projects/stockguide/stockguide/venv/lib/python3.14/site-packages/starlette/_utils.py:42: DeprecationWarning: 'asyncio.iscoroutinefunction' is deprecated and slated for removal in Python 3.16; use inspect.iscoroutinefunction() instead
  return asyncio.iscoroutinefunction(obj) or (
/usr/lib/python3.14/asyncio/threads.py:25: DeprecationWarning: 'asyncio.iscoroutinefunction' is deprecated and slated for removal in Python 3.16; use inspect.iscoroutinefunction() instead
  return await loop.run_in_executor(None, func_call)
/home/kplinux/Downloads/projects/stockguide/stockguide/venv/lib/python3.14/site-packages/starlette/_utils.py:42: DeprecationWarning: 'asyncio.iscoroutinefunction' is deprecated and slated for removal in Python 3.16; use inspect.iscoroutinefunction() instead
  return asyncio.iscoroutinefunction(obj) or (
/usr/lib/python3.14/asyncio/threads.py:25: DeprecationWarning: 'asyncio.iscoroutinefunction' is deprecated and slated for removal in Python 3.16; use inspect.iscoroutinefunction() instead
  return await loop.run_in_executor(None, func_call)
[Dip Hunter] Scanning 148 tickers (0 bleeding sectors)
[Dip Hunter] Phase 1/3: Downloading price history for 148 tickers...
INFO:     127.0.0.1:60540 - "GET /api/analyze/MSFT?strategy=buffett HTTP/1.1" 200 OK
/home/kplinux/Downloads/projects/stockguide/stockguide/venv/lib/python3.14/site-packages/starlette/_utils.py:42: DeprecationWarning: 'asyncio.iscoroutinefunction' is deprecated and slated for removal in Python 3.16; use inspect.iscoroutinefunction() instead
  return asyncio.iscoroutinefunction(obj) or (
/usr/lib/python3.14/asyncio/threads.py:25: DeprecationWarning: 'asyncio.iscoroutinefunction' is deprecated and slated for removal in Python 3.16; use inspect.iscoroutinefunction() instead
  return await loop.run_in_executor(None, func_call)
INFO:     127.0.0.1:41430 - "GET /api/technical/zones?zone=all&min_data_days=100 HTTP/1.1" 200 OK
/home/kplinux/Downloads/projects/stockguide/stockguide/venv/lib/python3.14/site-packages/starlette/_utils.py:42: DeprecationWarning: 'asyncio.iscoroutinefunction' is deprecated and slated for removal in Python 3.16; use inspect.iscoroutinefunction() instead
  return asyncio.iscoroutinefunction(obj) or (
/home/kplinux/Downloads/projects/stockguide/stockguide/venv/lib/python3.14/site-packages/starlette/_utils.py:42: DeprecationWarning: 'asyncio.iscoroutinefunction' is deprecated and slated for removal in Python 3.16; use inspect.iscoroutinefunction() instead
  return asyncio.iscoroutinefunction(obj) or (
INFO:     127.0.0.1:41434 - "GET /api/technical/zones?zone=invalid HTTP/1.1" 400 Bad Request
/home/kplinux/Downloads/projects/stockguide/stockguide/venv/lib/python3.14/site-packages/starlette/_utils.py:42: DeprecationWarning: 'asyncio.iscoroutinefunction' is deprecated and slated for removal in Python 3.16; use inspect.iscoroutinefunction() instead
  return asyncio.iscoroutinefunction(obj) or (
/usr/lib/python3.14/asyncio/threads.py:25: DeprecationWarning: 'asyncio.iscoroutinefunction' is deprecated and slated for removal in Python 3.16; use inspect.iscoroutinefunction() instead
  return await loop.run_in_executor(None, func_call)
/home/kplinux/Downloads/projects/stockguide/stockguide/venv/lib/python3.14/site-packages/starlette/_utils.py:42: DeprecationWarning: 'asyncio.iscoroutinefunction' is deprecated and slated for removal in Python 3.16; use inspect.iscoroutinefunction() instead
  return asyncio.iscoroutinefunction(obj) or (
/usr/lib/python3.14/asyncio/threads.py:25: DeprecationWarning: 'asyncio.iscoroutinefunction' is deprecated and slated for removal in Python 3.16; use inspect.iscoroutinefunction() instead
  return await loop.run_in_executor(None, func_call)
$NPI: possibly delisted; no price data found  (period=1y)
$VFV: possibly delisted; no price data found  (period=1y)
$KILO: possibly delisted; no price data found  (period=1y) (Yahoo error = "No data found, symbol may be delisted")
$ZSP: possibly delisted; no price data found  (period=1y)
$XSP: possibly delisted; no price data found  (period=1y)
$ZEB: possibly delisted; no price data found  (period=1y)
$XQQ: possibly delisted; no price data found  (period=1y)
$XEG: possibly delisted; no price data found  (period=1y)

12 Failed downloads:
['NPI', 'VFV', 'ZSP', 'XSP', 'ZEB', 'XQQ', 'XEG']: possibly delisted; no price data found  (period=1y)
['HMMJ', 'RCI.B', 'XEQT', 'TA']: YFRateLimitError('Too Many Requests. Rate limited. Try after a while.')
['KILO']: possibly delisted; no price data found  (period=1y) (Yahoo error = "No data found, symbol may be delisted")
/home/kplinux/Downloads/projects/stockguide/stockguide/venv/lib/python3.14/site-packages/starlette/_utils.py:42: DeprecationWarning: 'asyncio.iscoroutinefunction' is deprecated and slated for removal in Python 3.16; use inspect.iscoroutinefunction() instead
  return asyncio.iscoroutinefunction(obj) or (
/usr/lib/python3.14/asyncio/threads.py:25: DeprecationWarning: 'asyncio.iscoroutinefunction' is deprecated and slated for removal in Python 3.16; use inspect.iscoroutinefunction() instead
  return await loop.run_in_executor(None, func_call)
[Screener] Phase 1/2: Done in 165.7s
[Screener] Phase 2/2: Fetching fundamentals...
[Screener] 486/525 symbols from persistent DB (instant)
[Screener] Fetching 39 symbols from network...
[Dip Hunter] Phase 1/3: Done in 123.4s (136 tickers cached, saved to DB)
[Dip Hunter] Phase 2/3: 128 candidates after pre-filter. Fetching fundamentals...
INFO:     127.0.0.1:48204 - "GET /api/technical/zones?zone=all&min_data_days=100 HTTP/1.1" 200 OK
WARNING:  WatchFiles detected changes in 'technical_zones.py'. Reloading...
INFO:     Shutting down
INFO:     Waiting for background tasks to complete. (CTRL+C to force quit)
/home/kplinux/Downloads/projects/stockguide/stockguide/venv/lib/python3.14/site-packages/starlette/_utils.py:42: DeprecationWarning: 'asyncio.iscoroutinefunction' is deprecated and slated for removal in Python 3.16; use inspect.iscoroutinefunction() instead
  return asyncio.iscoroutinefunction(obj) or (
/home/kplinux/Downloads/projects/stockguide/stockguide/venv/lib/python3.14/site-packages/starlette/_utils.py:42: DeprecationWarning: 'asyncio.iscoroutinefunction' is deprecated and slated for removal in Python 3.16; use inspect.iscoroutinefunction() instead
  return asyncio.iscoroutinefunction(obj) or (
/home/kplinux/Downloads/projects/stockguide/stockguide/venv/lib/python3.14/site-packages/starlette/_utils.py:42: DeprecationWarning: 'asyncio.iscoroutinefunction' is deprecated and slated for removal in Python 3.16; use inspect.iscoroutinefunction() instead
  return asyncio.iscoroutinefunction(obj) or (
/home/kplinux/Downloads/projects/stockguide/stockguide/venv/lib/python3.14/site-packages/starlette/_utils.py:42: DeprecationWarning: 'asyncio.iscoroutinefunction' is deprecated and slated for removal in Python 3.16; use inspect.iscoroutinefunction() instead
  return asyncio.iscoroutinefunction(obj) or (
