[0;36m⏱  Session started at: Tue May 12 08:46:24 PM EDT 2026[0m
[0;36m━━━━━━━━━━━━━━━━━━━━━━━━━━━━━━━━━━━━━━━━[0m
✓ Loaded environment variables from .env
🚀 Starting Rational Equity from /home/kplinux/Downloads/projects/stockguide/stockguide/backend...
---------------------------------------------------
INFO:     Will watch for changes in these directories: ['/home/kplinux/Downloads/projects/stockguide/stockguide/backend']
INFO:     Uvicorn running on http://0.0.0.0:8000 (Press CTRL+C to quit)
INFO:     Started reloader process [2587066] using WatchFiles
INFO:     Started server process [2587068]
INFO:     Waiting for application startup.
INFO:     Application startup complete.
🌍 Opening Dashboard at http://localhost:8000
INFO:     127.0.0.1:37672 - "GET / HTTP/1.1" 200 OK
INFO:     127.0.0.1:37672 - "GET /static/portfolio.js?v=19 HTTP/1.1" 304 Not Modified
INFO:     127.0.0.1:37678 - "GET /static/app.js?v=18 HTTP/1.1" 304 Not Modified
INFO:     127.0.0.1:37678 - "GET /static/js/utils.js HTTP/1.1" 304 Not Modified
INFO:     127.0.0.1:37672 - "GET /static/js/components/researchUi.js HTTP/1.1" 304 Not Modified
INFO:     127.0.0.1:37678 - "GET /static/js/components/thematic.js HTTP/1.1" 304 Not Modified
INFO:     127.0.0.1:37708 - "GET /static/js/components/smallCaps.js HTTP/1.1" 304 Not Modified
INFO:     127.0.0.1:37700 - "GET /static/js/components/dipHunter.js HTTP/1.1" 304 Not Modified
INFO:     127.0.0.1:37704 - "GET /static/js/components/economics.js HTTP/1.1" 304 Not Modified
INFO:     127.0.0.1:37684 - "GET /static/js/components/screenerUi.js HTTP/1.1" 304 Not Modified
INFO:     127.0.0.1:37672 - "GET /static/js/components/international.js HTTP/1.1" 304 Not Modified
INFO:     127.0.0.1:37704 - "GET /api/admin/data-source HTTP/1.1" 200 OK
[RETRY 1/3] <lambda> failed: Too Many Requests. Rate limited. Try after a while.. Retrying in 2.5s …
[RETRY 1/3] <lambda> failed: Too Many Requests. Rate limited. Try after a while.. Retrying in 2.4s …
HTTP Error 401: {"finance":{"result":null,"error":{"code":"Unauthorized","description":"Invalid Crumb"}}}
HTTP Error 401: {"finance":{"result":null,"error":{"code":"Unauthorized","description":"Invalid Crumb"}}}
HTTP Error 401: {"finance":{"result":null,"error":{"code":"Unauthorized","description":"Invalid Crumb"}}}
HTTP Error 401: {"finance":{"result":null,"error":{"code":"Unauthorized","description":"Invalid Crumb"}}}
HTTP Error 401: {"finance":{"result":null,"error":{"code":"Unauthorized","description":"Invalid Crumb"}}}
HTTP Error 401: {"finance":{"result":null,"error":{"code":"Unauthorized","description":"Invalid Crumb"}}}
HTTP Error 401: {"finance":{"result":null,"error":{"code":"Unauthorized","description":"Invalid Crumb"}}}
HTTP Error 401: {"finance":{"result":null,"error":{"code":"Unauthorized","description":"Invalid Crumb"}}}
INFO:     127.0.0.1:37672 - "GET /api/market-status HTTP/1.1" 200 OK
HTTP Error 401: {"finance":{"result":null,"error":{"code":"Unauthorized","description":"Invalid Crumb"}}}
[RETRY 1/3] <lambda> failed: Too Many Requests. Rate limited. Try after a while.. Retrying in 1.8s …
HTTP Error 401: {"finance":{"result":null,"error":{"code":"Unauthorized","description":"User is unable to access this feature - https://bit.ly/yahoo-finance-api-feedback"}}}
[RETRY 1/3] <lambda> failed: argument of type 'NoneType' is not a container or iterable. Retrying in 1.9s …
HTTP Error 401: {"finance":{"result":null,"error":{"code":"Unauthorized","description":"User is unable to access this feature - https://bit.ly/yahoo-finance-api-feedback"}}}
[RETRY 1/3] <lambda> failed: argument of type 'NoneType' is not a container or iterable. Retrying in 2.2s …
HTTP Error 401: {"finance":{"result":null,"error":{"code":"Unauthorized","description":"User is unable to access this feature - https://bit.ly/yahoo-finance-api-feedback"}}}
[RETRY 1/3] <lambda> failed: argument of type 'NoneType' is not a container or iterable. Retrying in 2.1s …
HTTP Error 401: {"finance":{"result":null,"error":{"code":"Unauthorized","description":"User is unable to access this feature - https://bit.ly/yahoo-finance-api-feedback"}}}
[RETRY 1/3] <lambda> failed: argument of type 'NoneType' is not a container or iterable. Retrying in 1.9s …
HTTP Error 401: {"finance":{"result":null,"error":{"code":"Unauthorized","description":"User is unable to access this feature - https://bit.ly/yahoo-finance-api-feedback"}}}
[RETRY 1/3] <lambda> failed: argument of type 'NoneType' is not a container or iterable. Retrying in 1.9s …
HTTP Error 401: {"finance":{"result":null,"error":{"code":"Unauthorized","description":"User is unable to access this feature - https://bit.ly/yahoo-finance-api-feedback"}}}
[RETRY 1/3] <lambda> failed: argument of type 'NoneType' is not a container or iterable. Retrying in 2.4s …
HTTP Error 401: {"finance":{"result":null,"error":{"code":"Unauthorized","description":"User is unable to access this feature - https://bit.ly/yahoo-finance-api-feedback"}}}
[RETRY 1/3] <lambda> failed: argument of type 'NoneType' is not a container or iterable. Retrying in 1.5s …
HTTP Error 401: {"finance":{"result":null,"error":{"code":"Unauthorized","description":"User is unable to access this feature - https://bit.ly/yahoo-finance-api-feedback"}}}
[RETRY 1/3] <lambda> failed: argument of type 'NoneType' is not a container or iterable. Retrying in 2.4s …
INFO:     127.0.0.1:37708 - "GET /api/macro HTTP/1.1" 200 OK
INFO:     127.0.0.1:37700 - "GET /api/industries/top HTTP/1.1" 200 OK
INFO:     127.0.0.1:46618 - "GET /api/research/V HTTP/1.1" 200 OK
INFO:     127.0.0.1:46626 - "GET /api/research/price-chart/V?days=365 HTTP/1.1" 200 OK
INFO:     127.0.0.1:46618 - "GET /api/research/trends/V?range=5y HTTP/1.1" 200 OK
get_ticker_info(VISA): skipping DB save — price is 0.0
get_price_history yfinance(VISA) failed: Too Many Requests. Rate limited. Try after a while.
INFO:     127.0.0.1:40356 - "GET /api/research/VISA HTTP/1.1" 200 OK
INFO:     127.0.0.1:53096 - "GET /api/research/price-chart/VISA?days=365 HTTP/1.1" 404 Not Found
INFO:     127.0.0.1:40356 - "GET /api/research/trends/VISA?range=5y HTTP/1.1" 200 OK
INFO:     127.0.0.1:53034 - "GET /api/research/BSX HTTP/1.1" 200 OK
get_price_history yfinance(PARA) failed: Too Many Requests. Rate limited. Try after a while.
INFO:     127.0.0.1:60480 - "GET /api/research/price-chart/BSX?days=365 HTTP/1.1" 200 OK
INFO:     127.0.0.1:53034 - "GET /api/research/trends/BSX?range=5y HTTP/1.1" 200 OK
get_price_history yfinance(MRO) failed: Too Many Requests. Rate limited. Try after a while.
Background refresh failed: price history for DAY: Too Many Requests. Rate limited. Try after a while.
get_price_history yfinance(PXD) failed: Too Many Requests. Rate limited. Try after a while.
/home/kplinux/Downloads/projects/stockguide/stockguide/venv/lib/python3.14/site-packages/starlette/_utils.py:42: DeprecationWarning: 'asyncio.iscoroutinefunction' is deprecated and slated for removal in Python 3.16; use inspect.iscoroutinefunction() instead
  return asyncio.iscoroutinefunction(obj) or (
[Dip Hunter] Scanning 148 tickers (0 bleeding sectors)
[Dip Hunter] Phase 1/3: Downloading price history for 148 tickers...
INFO:     127.0.0.1:36446 - "GET /api/portfolios HTTP/1.1" 200 OK
/home/kplinux/Downloads/projects/stockguide/stockguide/venv/lib/python3.14/site-packages/starlette/_utils.py:42: DeprecationWarning: 'asyncio.iscoroutinefunction' is deprecated and slated for removal in Python 3.16; use inspect.iscoroutinefunction() instead
  return asyncio.iscoroutinefunction(obj) or (
/usr/lib/python3.14/asyncio/threads.py:25: DeprecationWarning: 'asyncio.iscoroutinefunction' is deprecated and slated for removal in Python 3.16; use inspect.iscoroutinefunction() instead
  return await loop.run_in_executor(None, func_call)
/home/kplinux/Downloads/projects/stockguide/stockguide/venv/lib/python3.14/site-packages/starlette/_utils.py:42: DeprecationWarning: 'asyncio.iscoroutinefunction' is deprecated and slated for removal in Python 3.16; use inspect.iscoroutinefunction() instead
  return asyncio.iscoroutinefunction(obj) or (
/usr/lib/python3.14/asyncio/threads.py:25: DeprecationWarning: 'asyncio.iscoroutinefunction' is deprecated and slated for removal in Python 3.16; use inspect.iscoroutinefunction() instead
  return await loop.run_in_executor(None, func_call)
[RETRY 1/3] <lambda> failed: Too Many Requests. Rate limited. Try after a while.. Retrying in 2.2s …
HTTP Error 401: {"finance":{"result":null,"error":{"code":"Unauthorized","description":"Invalid Crumb"}}}
[RETRY 1/3] <lambda> failed: Too Many Requests. Rate limited. Try after a while.. Retrying in 2.0s …
[RETRY 1/3] <lambda> failed: Too Many Requests. Rate limited. Try after a while.. Retrying in 2.2s …
[RETRY 1/3] <lambda> failed: Too Many Requests. Rate limited. Try after a while.. Retrying in 2.3s …
[RETRY 1/3] <lambda> failed: Too Many Requests. Rate limited. Try after a while.. Retrying in 2.4s …
[RETRY 1/3] <lambda> failed: Too Many Requests. Rate limited. Try after a while.. Retrying in 2.4s …
HTTP Error 401: {"finance":{"result":null,"error":{"code":"Unauthorized","description":"Invalid Crumb"}}}
[RETRY 1/3] <lambda> failed: Too Many Requests. Rate limited. Try after a while.. Retrying in 2.2s …
HTTP Error 401: {"finance":{"result":null,"error":{"code":"Unauthorized","description":"User is unable to access this feature - https://bit.ly/yahoo-finance-api-feedback"}}}
[RETRY 1/3] <lambda> failed: argument of type 'NoneType' is not a container or iterable. Retrying in 2.5s …
HTTP Error 401: {"finance":{"result":null,"error":{"code":"Unauthorized","description":"Invalid Crumb"}}}
[RETRY 1/3] <lambda> failed: Too Many Requests. Rate limited. Try after a while.. Retrying in 2.3s …
[RETRY 1/3] <lambda> failed: Too Many Requests. Rate limited. Try after a while.. Retrying in 1.9s …
[RETRY 1/3] <lambda> failed: Too Many Requests. Rate limited. Try after a while.. Retrying in 2.4s …
HTTP Error 401: {"finance":{"result":null,"error":{"code":"Unauthorized","description":"Invalid Crumb"}}}
HTTP Error 401: {"finance":{"result":null,"error":{"code":"Unauthorized","description":"Invalid Crumb"}}}
[RETRY 1/3] <lambda> failed: Too Many Requests. Rate limited. Try after a while.. Retrying in 2.2s …
HTTP Error 401: {"finance":{"result":null,"error":{"code":"Unauthorized","description":"User is unable to access this feature - https://bit.ly/yahoo-finance-api-feedback"}}}
[RETRY 1/3] <lambda> failed: argument of type 'NoneType' is not a container or iterable. Retrying in 2.1s …
[RETRY 1/3] <lambda> failed: Too Many Requests. Rate limited. Try after a while.. Retrying in 2.2s …
[RETRY 1/3] <lambda> failed: Too Many Requests. Rate limited. Try after a while.. Retrying in 1.6s …
[RETRY 1/3] <lambda> failed: Too Many Requests. Rate limited. Try after a while.. Retrying in 2.5s …
INFO:     127.0.0.1:42160 - "GET /api/dip-hunter/etfs HTTP/1.1" 200 OK
$XSP: possibly delisted; no price data found  (period=1y)
$XQQ: possibly delisted; no price data found  (period=1y)
$ZSP: possibly delisted; no price data found  (period=1y)
$ZEB: possibly delisted; no price data found  (period=1y)
$VFV: possibly delisted; no price data found  (period=1y)
$XEG: possibly delisted; no price data found  (period=1y)
$NPI: possibly delisted; no price data found  (period=1y)

12 Failed downloads:
['RCI.B', 'KILO', 'TA', 'HMMJ', 'XEQT']: YFRateLimitError('Too Many Requests. Rate limited. Try after a while.')
['XSP', 'XQQ', 'ZSP', 'ZEB', 'VFV', 'XEG', 'NPI']: possibly delisted; no price data found  (period=1y)
/home/kplinux/Downloads/projects/stockguide/stockguide/venv/lib/python3.14/site-packages/starlette/_utils.py:42: DeprecationWarning: 'asyncio.iscoroutinefunction' is deprecated and slated for removal in Python 3.16; use inspect.iscoroutinefunction() instead
  return asyncio.iscoroutinefunction(obj) or (
/usr/lib/python3.14/asyncio/threads.py:25: DeprecationWarning: 'asyncio.iscoroutinefunction' is deprecated and slated for removal in Python 3.16; use inspect.iscoroutinefunction() instead
  return await loop.run_in_executor(None, func_call)
/home/kplinux/Downloads/projects/stockguide/stockguide/venv/lib/python3.14/site-packages/starlette/_utils.py:42: DeprecationWarning: 'asyncio.iscoroutinefunction' is deprecated and slated for removal in Python 3.16; use inspect.iscoroutinefunction() instead
  return asyncio.iscoroutinefunction(obj) or (
[Dip Hunter] Phase 1/3: Done in 125.4s (136 tickers cached, saved to DB)
[Dip Hunter] Phase 2/3: 140 candidates after pre-filter. Fetching fundamentals...
[Dip Hunter] Phase 2/3: Done in 148.1s (68 fundamentals fetched, saved to DB)
[Dip Hunter] Phase 3/3: Scoring 140 candidates...
[Dip Hunter] Complete: 32 opportunities found in 149.1s
INFO:     127.0.0.1:50264 - "GET / HTTP/1.1" 200 OK
/home/kplinux/Downloads/projects/stockguide/stockguide/venv/lib/python3.14/site-packages/starlette/_utils.py:42: DeprecationWarning: 'asyncio.iscoroutinefunction' is deprecated and slated for removal in Python 3.16; use inspect.iscoroutinefunction() instead
  return asyncio.iscoroutinefunction(obj) or (
/usr/lib/python3.14/asyncio/threads.py:25: DeprecationWarning: 'asyncio.iscoroutinefunction' is deprecated and slated for removal in Python 3.16; use inspect.iscoroutinefunction() instead
  return await loop.run_in_executor(None, func_call)
INFO:     127.0.0.1:50264 - "GET /api/market-status HTTP/1.1" 200 OK
/home/kplinux/Downloads/projects/stockguide/stockguide/venv/lib/python3.14/site-packages/starlette/_utils.py:42: DeprecationWarning: 'asyncio.iscoroutinefunction' is deprecated and slated for removal in Python 3.16; use inspect.iscoroutinefunction() instead
  return asyncio.iscoroutinefunction(obj) or (
/usr/lib/python3.14/asyncio/threads.py:25: DeprecationWarning: 'asyncio.iscoroutinefunction' is deprecated and slated for removal in Python 3.16; use inspect.iscoroutinefunction() instead
  return await loop.run_in_executor(None, func_call)
/home/kplinux/Downloads/projects/stockguide/stockguide/venv/lib/python3.14/site-packages/starlette/_utils.py:42: DeprecationWarning: 'asyncio.iscoroutinefunction' is deprecated and slated for removal in Python 3.16; use inspect.iscoroutinefunction() instead
  return asyncio.iscoroutinefunction(obj) or (
/usr/lib/python3.14/asyncio/threads.py:25: DeprecationWarning: 'asyncio.iscoroutinefunction' is deprecated and slated for removal in Python 3.16; use inspect.iscoroutinefunction() instead
  return await loop.run_in_executor(None, func_call)
INFO:     127.0.0.1:50268 - "GET /api/macro HTTP/1.1" 200 OK
/home/kplinux/Downloads/projects/stockguide/stockguide/venv/lib/python3.14/site-packages/starlette/_utils.py:42: DeprecationWarning: 'asyncio.iscoroutinefunction' is deprecated and slated for removal in Python 3.16; use inspect.iscoroutinefunction() instead
  return asyncio.iscoroutinefunction(obj) or (
INFO:     127.0.0.1:50276 - "GET /api/industries/top HTTP/1.1" 200 OK
INFO:     127.0.0.1:50290 - "GET /api/admin/data-source HTTP/1.1" 200 OK
/home/kplinux/Downloads/projects/stockguide/stockguide/venv/lib/python3.14/site-packages/starlette/_utils.py:42: DeprecationWarning: 'asyncio.iscoroutinefunction' is deprecated and slated for removal in Python 3.16; use inspect.iscoroutinefunction() instead
  return asyncio.iscoroutinefunction(obj) or (
/usr/lib/python3.14/asyncio/threads.py:25: DeprecationWarning: 'asyncio.iscoroutinefunction' is deprecated and slated for removal in Python 3.16; use inspect.iscoroutinefunction() instead
  return await loop.run_in_executor(None, func_call)
/home/kplinux/Downloads/projects/stockguide/stockguide/venv/lib/python3.14/site-packages/starlette/_utils.py:42: DeprecationWarning: 'asyncio.iscoroutinefunction' is deprecated and slated for removal in Python 3.16; use inspect.iscoroutinefunction() instead
  return asyncio.iscoroutinefunction(obj) or (
/home/kplinux/Downloads/projects/stockguide/stockguide/venv/lib/python3.14/site-packages/starlette/_utils.py:42: DeprecationWarning: 'asyncio.iscoroutinefunction' is deprecated and slated for removal in Python 3.16; use inspect.iscoroutinefunction() instead
  return asyncio.iscoroutinefunction(obj) or (
/usr/lib/python3.14/asyncio/threads.py:25: DeprecationWarning: 'asyncio.iscoroutinefunction' is deprecated and slated for removal in Python 3.16; use inspect.iscoroutinefunction() instead
  return await loop.run_in_executor(None, func_call)
/home/kplinux/Downloads/projects/stockguide/stockguide/venv/lib/python3.14/site-packages/starlette/_utils.py:42: DeprecationWarning: 'asyncio.iscoroutinefunction' is deprecated and slated for removal in Python 3.16; use inspect.iscoroutinefunction() instead
  return asyncio.iscoroutinefunction(obj) or (
/usr/lib/python3.14/asyncio/threads.py:25: DeprecationWarning: 'asyncio.iscoroutinefunction' is deprecated and slated for removal in Python 3.16; use inspect.iscoroutinefunction() instead
  return await loop.run_in_executor(None, func_call)
/usr/lib/python3.14/asyncio/threads.py:25: DeprecationWarning: 'asyncio.iscoroutinefunction' is deprecated and slated for removal in Python 3.16; use inspect.iscoroutinefunction() instead
  return await loop.run_in_executor(None, func_call)
/usr/lib/python3.14/asyncio/threads.py:25: DeprecationWarning: 'asyncio.iscoroutinefunction' is deprecated and slated for removal in Python 3.16; use inspect.iscoroutinefunction() instead
  return await loop.run_in_executor(None, func_call)
INFO:     127.0.0.1:38384 - "GET /api/superinvestors HTTP/1.1" 200 OK
/home/kplinux/Downloads/projects/stockguide/stockguide/venv/lib/python3.14/site-packages/starlette/_utils.py:42: DeprecationWarning: 'asyncio.iscoroutinefunction' is deprecated and slated for removal in Python 3.16; use inspect.iscoroutinefunction() instead
  return asyncio.iscoroutinefunction(obj) or (
INFO:     127.0.0.1:58748 - "GET /api/admin/invalid-tickers/XYZ/permanent-skip HTTP/1.1" 405 Method Not Allowed
/home/kplinux/Downloads/projects/stockguide/stockguide/venv/lib/python3.14/site-packages/starlette/_utils.py:42: DeprecationWarning: 'asyncio.iscoroutinefunction' is deprecated and slated for removal in Python 3.16; use inspect.iscoroutinefunction() instead
  return asyncio.iscoroutinefunction(obj) or (
INFO:     127.0.0.1:58748 - "GET /favicon.ico HTTP/1.1" 404 Not Found
/home/kplinux/Downloads/projects/stockguide/stockguide/venv/lib/python3.14/site-packages/starlette/_utils.py:42: DeprecationWarning: 'asyncio.iscoroutinefunction' is deprecated and slated for removal in Python 3.16; use inspect.iscoroutinefunction() instead
  return asyncio.iscoroutinefunction(obj) or (
/usr/lib/python3.14/asyncio/threads.py:25: DeprecationWarning: 'asyncio.iscoroutinefunction' is deprecated and slated for removal in Python 3.16; use inspect.iscoroutinefunction() instead
  return await loop.run_in_executor(None, func_call)
WARNING:  WatchFiles detected changes in 'network_client.py'. Reloading...
INFO:     Shutting down
INFO:     Waiting for connections to close. (CTRL+C to force quit)
